Archive member included to satisfy reference by file (symbol)

/Applications/ARM/bin/../lib/gcc/arm-none-eabi/10.3.1/../../../../arm-none-eabi/lib/thumb/v6-m/nofp/libstdc++.a(pure.o)
                              CMakeFiles/main.dir/st7735/ST7735_TFT_Print.cpp.obj (__cxa_pure_virtual)
/Applications/ARM/bin/../lib/gcc/arm-none-eabi/10.3.1/../../../../arm-none-eabi/lib/thumb/v6-m/nofp/libstdc++.a(eh_terminate.o)
                              /Applications/ARM/bin/../lib/gcc/arm-none-eabi/10.3.1/../../../../arm-none-eabi/lib/thumb/v6-m/nofp/libstdc++.a(pure.o) (std::terminate())
/Applications/ARM/bin/../lib/gcc/arm-none-eabi/10.3.1/../../../../arm-none-eabi/lib/thumb/v6-m/nofp/libstdc++.a(eh_unex_handler.o)
                              /Applications/ARM/bin/../lib/gcc/arm-none-eabi/10.3.1/../../../../arm-none-eabi/lib/thumb/v6-m/nofp/libstdc++.a(eh_terminate.o) (__cxxabiv1::__unexpected_handler)
/Applications/ARM/bin/../lib/gcc/arm-none-eabi/10.3.1/../../../../arm-none-eabi/lib/thumb/v6-m/nofp/libstdc++.a(vterminate.o)
                              /Applications/ARM/bin/../lib/gcc/arm-none-eabi/10.3.1/../../../../arm-none-eabi/lib/thumb/v6-m/nofp/libstdc++.a(eh_terminate.o) (__gnu_cxx::__verbose_terminate_handler())
/Applications/ARM/bin/../lib/gcc/arm-none-eabi/10.3.1/../../../../arm-none-eabi/lib/thumb/v6-m/nofp/libstdc++.a(cp-demangle.o)
                              /Applications/ARM/bin/../lib/gcc/arm-none-eabi/10.3.1/../../../../arm-none-eabi/lib/thumb/v6-m/nofp/libstdc++.a(vterminate.o) (__cxa_demangle)
/Applications/ARM/bin/../lib/gcc/arm-none-eabi/10.3.1/../../../../arm-none-eabi/lib/thumb/v6-m/nofp/libstdc++.a(eh_arm.o)
                              /Applications/ARM/bin/../lib/gcc/arm-none-eabi/10.3.1/../../../../arm-none-eabi/lib/thumb/v6-m/nofp/libstdc++.a(eh_terminate.o) (__cxa_end_cleanup)
/Applications/ARM/bin/../lib/gcc/arm-none-eabi/10.3.1/../../../../arm-none-eabi/lib/thumb/v6-m/nofp/libstdc++.a(eh_call.o)
                              /Applications/ARM/bin/../lib/gcc/arm-none-eabi/10.3.1/../../../../arm-none-eabi/lib/thumb/v6-m/nofp/libstdc++.a(eh_terminate.o) (__cxa_call_unexpected)
/Applications/ARM/bin/../lib/gcc/arm-none-eabi/10.3.1/../../../../arm-none-eabi/lib/thumb/v6-m/nofp/libstdc++.a(eh_catch.o)
                              /Applications/ARM/bin/../lib/gcc/arm-none-eabi/10.3.1/../../../../arm-none-eabi/lib/thumb/v6-m/nofp/libstdc++.a(eh_terminate.o) (__cxa_begin_catch)
/Applications/ARM/bin/../lib/gcc/arm-none-eabi/10.3.1/../../../../arm-none-eabi/lib/thumb/v6-m/nofp/libstdc++.a(eh_exception.o)
                              /Applications/ARM/bin/../lib/gcc/arm-none-eabi/10.3.1/../../../../arm-none-eabi/lib/thumb/v6-m/nofp/libstdc++.a(eh_call.o) (std::bad_exception::~bad_exception())
/Applications/ARM/bin/../lib/gcc/arm-none-eabi/10.3.1/../../../../arm-none-eabi/lib/thumb/v6-m/nofp/libstdc++.a(eh_globals.o)
                              /Applications/ARM/bin/../lib/gcc/arm-none-eabi/10.3.1/../../../../arm-none-eabi/lib/thumb/v6-m/nofp/libstdc++.a(eh_call.o) (__cxa_get_globals_fast)
/Applications/ARM/bin/../lib/gcc/arm-none-eabi/10.3.1/../../../../arm-none-eabi/lib/thumb/v6-m/nofp/libstdc++.a(eh_personality.o)
                              /Applications/ARM/bin/../lib/gcc/arm-none-eabi/10.3.1/../../../../arm-none-eabi/lib/thumb/v6-m/nofp/libstdc++.a(eh_terminate.o) (__gxx_personality_v0)
/Applications/ARM/bin/../lib/gcc/arm-none-eabi/10.3.1/../../../../arm-none-eabi/lib/thumb/v6-m/nofp/libstdc++.a(eh_term_handler.o)
                              /Applications/ARM/bin/../lib/gcc/arm-none-eabi/10.3.1/../../../../arm-none-eabi/lib/thumb/v6-m/nofp/libstdc++.a(eh_terminate.o) (__cxxabiv1::__terminate_handler)
/Applications/ARM/bin/../lib/gcc/arm-none-eabi/10.3.1/../../../../arm-none-eabi/lib/thumb/v6-m/nofp/libstdc++.a(eh_throw.o)
                              /Applications/ARM/bin/../lib/gcc/arm-none-eabi/10.3.1/../../../../arm-none-eabi/lib/thumb/v6-m/nofp/libstdc++.a(eh_call.o) (__cxa_throw)
/Applications/ARM/bin/../lib/gcc/arm-none-eabi/10.3.1/../../../../arm-none-eabi/lib/thumb/v6-m/nofp/libstdc++.a(eh_type.o)
                              /Applications/ARM/bin/../lib/gcc/arm-none-eabi/10.3.1/../../../../arm-none-eabi/lib/thumb/v6-m/nofp/libstdc++.a(vterminate.o) (__cxa_current_exception_type)
/Applications/ARM/bin/../lib/gcc/arm-none-eabi/10.3.1/../../../../arm-none-eabi/lib/thumb/v6-m/nofp/libstdc++.a(si_class_type_info.o)
                              /Applications/ARM/bin/../lib/gcc/arm-none-eabi/10.3.1/../../../../arm-none-eabi/lib/thumb/v6-m/nofp/libstdc++.a(eh_exception.o) (vtable for __cxxabiv1::__si_class_type_info)
/Applications/ARM/bin/../lib/gcc/arm-none-eabi/10.3.1/../../../../arm-none-eabi/lib/thumb/v6-m/nofp/libstdc++.a(tinfo.o)
                              /Applications/ARM/bin/../lib/gcc/arm-none-eabi/10.3.1/../../../../arm-none-eabi/lib/thumb/v6-m/nofp/libstdc++.a(si_class_type_info.o) (std::type_info::__is_pointer_p() const)
[...]
Memory Configuration

Name             Origin             Length             Attributes
FLASH            0x0000000010000000 0x0000000000200000 xr
RAM              0x0000000020000000 0x0000000000040000 xrw
SCRATCH_X        0x0000000020040000 0x0000000000001000 xrw
SCRATCH_Y        0x0000000020041000 0x0000000000001000 xrw
*default*        0x0000000000000000 0xffffffffffffffff

Linker script and memory map

LOAD /Applications/ARM/bin/../lib/gcc/arm-none-eabi/10.3.1/thumb/v6-m/nofp/crti.o
LOAD /Applications/ARM/bin/../lib/gcc/arm-none-eabi/10.3.1/thumb/v6-m/nofp/crtbegin.o
LOAD /Applications/ARM/bin/../lib/gcc/arm-none-eabi/10.3.1/../../../../arm-none-eabi/lib/thumb/v6-m/nofp/crt0.o

.flash_begin    0x0000000010000000        0x0
                0x0000000010000000                __flash_binary_start = .

.boot2          0x0000000010000000      0x100
                0x0000000010000000                __boot2_start__ = .
 *(.boot2)
 .boot2         0x0000000010000000      0x100 /var/folders/20/zltmsw_s0lgd8cq0sh_9fyd40000gn/T//ccrZhqZ1.o
                0x0000000010000100                __boot2_end__ = .
                0x0000000000000001                ASSERT (((__boot2_end__ - __boot2_start__) == 0x100), ERROR: Pico second stage bootloader must be 256 bytes in size)

.text           0x0000000010000100     0x9858
                0x0000000010000100                __logical_binary_start = .
 *(.vectors)
 .vectors       0x0000000010000100       0xd4 CMakeFiles/main.dir/Users/cole/code/piPico/pico-sdk/src/rp2_common/pico_standard_link/crt0.S.obj
                0x0000000010000100                __VECTOR_TABLE
                0x0000000010000100                __vectors
                0x00000000100001c0                __default_isrs_start
                0x00000000100001c0                isr_invalid
                0x00000000100001c2                isr_nmi
                0x00000000100001c4                isr_hardfault
                0x00000000100001c6                isr_svcall
                0x00000000100001c8                isr_pendsv
                0x00000000100001ca                isr_systick
                0x00000000100001cc                isr_irq28
                0x00000000100001cc                isr_irq19
                0x00000000100001cc                isr_irq0
                0x00000000100001cc                isr_irq6
                0x00000000100001cc                isr_irq22
                0x00000000100001cc                isr_irq17
                0x00000000100001cc                isr_irq14
                0x00000000100001cc                isr_irq2
                0x00000000100001cc                isr_irq10
                0x00000000100001cc                isr_irq8
                0x00000000100001cc                isr_irq24
                0x00000000100001cc                isr_irq1
                0x00000000100001cc                isr_irq7
                0x00000000100001cc                isr_irq21
                0x00000000100001cc                isr_irq20
                0x00000000100001cc                isr_irq15
                0x00000000100001cc                isr_irq25
                0x00000000100001cc                isr_irq4
                0x00000000100001cc                isr_irq16
                0x00000000100001cc                isr_irq29
                0x00000000100001cc                isr_irq26
                0x00000000100001cc                __default_isrs_end
                0x00000000100001cc                isr_irq3
                0x00000000100001cc                isr_irq9
                0x00000000100001cc                __unhandled_user_irq
                0x00000000100001cc                isr_irq13
                0x00000000100001cc                isr_irq27
                0x00000000100001cc                isr_irq31
                0x00000000100001cc                isr_irq5
                0x00000000100001cc                isr_irq11
                0x00000000100001cc                isr_irq23
                0x00000000100001cc                isr_irq18
                0x00000000100001cc                isr_irq30
                0x00000000100001cc                isr_irq12
                0x00000000100001d2                unhandled_user_irq_num_in_r0
 *(.binary_info_header)
 .binary_info_header
                0x00000000100001d4       0x14 CMakeFiles/main.dir/Users/cole/code/piPico/pico-sdk/src/rp2_common/pico_standard_link/crt0.S.obj
                0x00000000100001e8                __binary_info_header_end = .
 *(.reset)
 .reset         0x00000000100001e8       0xa0 CMakeFiles/main.dir/Users/cole/code/piPico/pico-sdk/src/rp2_common/pico_standard_link/crt0.S.obj
                0x00000000100001e8                _entry_point
 .reset         0x0000000010000288       0x30 CMakeFiles/main.dir/Users/cole/code/piPico/pico-sdk/src/rp2_common/pico_standard_link/binary_info.c.obj
 *(.init)
 .init          0x00000000100002b8        0x4 /Applications/ARM/bin/../lib/gcc/arm-none-eabi/10.3.1/thumb/v6-m/nofp/crti.o
                0x00000000100002b8                _init
 *(EXCLUDE_FILE(*libm.a: *libc.a:*lib_a-mem*.o *libgcc.a:) .text*)
 .text          0x00000000100002bc       0x48 /Applications/ARM/bin/../lib/gcc/arm-none-eabi/10.3.1/thumb/v6-m/nofp/crtbegin.o
 .text._Z4gamePh
                0x0000000010000304      0x10c CMakeFiles/main.dir/main.cpp.obj
                0x0000000010000304                game(unsigned char*)
 .text.startup.main
                0x0000000010000410       0x64 CMakeFiles/main.dir/main.cpp.obj
                0x0000000010000410                main
 .text.gpio_set_function
                0x0000000010000474       0x30 CMakeFiles/main.dir/Users/cole/code/piPico/pico-sdk/src/rp2_common/hardware_gpio/gpio.c.obj
                0x0000000010000474                gpio_set_function
 .text.gpio_set_pulls
                0x00000000100004a4       0x30 CMakeFiles/main.dir/Users/cole/code/piPico/pico-sdk/src/rp2_common/hardware_gpio/gpio.c.obj
                0x00000000100004a4                gpio_set_pulls
 .text.gpio_init
                0x00000000100004d4       0x3c CMakeFiles/main.dir/Users/cole/code/piPico/pico-sdk/src/rp2_common/hardware_gpio/gpio.c.obj
                0x00000000100004d4                gpio_init
 .text.running_on_fpga
                0x0000000010000510       0x10 CMakeFiles/main.dir/Users/cole/code/piPico/pico-sdk/src/rp2_common/pico_platform/platform.c.obj
                0x0000000010000510                running_on_fpga
 .text.hw_claim_or_assert
                0x0000000010000520       0x44 CMakeFiles/main.dir/Users/cole/code/piPico/pico-sdk/src/rp2_common/hardware_claim/claim.c.obj
                0x0000000010000520                hw_claim_or_assert
 .text.hw_claim_unused_from_range
                0x0000000010000564       0x9c CMakeFiles/main.dir/Users/cole/code/piPico/pico-sdk/src/rp2_common/hardware_claim/claim.c.obj
                0x0000000010000564                hw_claim_unused_from_range
 .text.spin_locks_reset
                0x0000000010000600       0x1c CMakeFiles/main.dir/Users/cole/code/piPico/pico-sdk/src/rp2_common/hardware_sync/sync.c.obj
                0x0000000010000600                spin_locks_reset
 .text.next_striped_spin_lock_num
                0x000000001000061c       0x18 CMakeFiles/main.dir/Users/cole/code/piPico/pico-sdk/src/rp2_common/hardware_sync/sync.c.obj
                0x000000001000061c                next_striped_spin_lock_num
 .text.spin_lock_claim_unused
                0x0000000010000634       0x20 CMakeFiles/main.dir/Users/cole/code/piPico/pico-sdk/src/rp2_common/hardware_sync/sync.c.obj
                0x0000000010000634                spin_lock_claim_unused
 .text.irq_set_enabled
                0x0000000010000654       0x24 CMakeFiles/main.dir/Users/cole/code/piPico/pico-sdk/src/rp2_common/hardware_irq/irq.c.obj
                0x0000000010000654                irq_set_enabled
 .text.irq_set_pending
                0x0000000010000678       0x10 CMakeFiles/main.dir/Users/cole/code/piPico/pico-sdk/src/rp2_common/hardware_irq/irq.c.obj
                0x0000000010000678                irq_set_pending
 .text.irq_has_shared_handler
                0x0000000010000688       0x2c CMakeFiles/main.dir/Users/cole/code/piPico/pico-sdk/src/rp2_common/hardware_irq/irq.c.obj
                0x0000000010000688                irq_has_shared_handler
 .text.irq_get_vtable_handler
                0x00000000100006b4       0x10 CMakeFiles/main.dir/Users/cole/code/piPico/pico-sdk/src/rp2_common/hardware_irq/irq.c.obj
                0x00000000100006b4                irq_get_vtable_handler
 .text.irq_set_exclusive_handler
                0x00000000100006c4       0x54 CMakeFiles/main.dir/Users/cole/code/piPico/pico-sdk/src/rp2_common/hardware_irq/irq.c.obj
                0x00000000100006c4                irq_set_exclusive_handler
 .text.irq_add_shared_handler
                0x0000000010000718      0x1e8 CMakeFiles/main.dir/Users/cole/code/piPico/pico-sdk/src/rp2_common/hardware_irq/irq.c.obj
                0x0000000010000718                irq_add_shared_handler
 .text.irq_remove_handler
                0x0000000010000900      0x1b0 CMakeFiles/main.dir/Users/cole/code/piPico/pico-sdk/src/rp2_common/hardware_irq/irq.c.obj
                0x0000000010000900                irq_remove_handler
 .text.irq_add_tail_to_free_list
                0x0000000010000ab0       0xb4 CMakeFiles/main.dir/Users/cole/code/piPico/pico-sdk/src/rp2_common/hardware_irq/irq.c.obj
                0x0000000010000ab0                irq_add_tail_to_free_list
 .text.irq_init_priorities
                0x0000000010000b64       0x24 CMakeFiles/main.dir/Users/cole/code/piPico/pico-sdk/src/rp2_common/hardware_irq/irq.c.obj
                0x0000000010000b64                irq_init_priorities
 .text.user_irq_claim_unused
                0x0000000010000b88       0x28 CMakeFiles/main.dir/Users/cole/code/piPico/pico-sdk/src/rp2_common/hardware_irq/irq.c.obj
                0x0000000010000b88                user_irq_claim_unused
 .text.lock_init
                0x0000000010000bb0       0x10 CMakeFiles/main.dir/Users/cole/code/piPico/pico-sdk/src/common/pico_sync/lock_core.c.obj
                0x0000000010000bb0                lock_init
 .text.mutex_init
                0x0000000010000bc0       0x1c CMakeFiles/main.dir/Users/cole/code/piPico/pico-sdk/src/common/pico_sync/mutex.c.obj
                0x0000000010000bc0                mutex_init
 .text.recursive_mutex_init
                0x0000000010000bdc       0x1c CMakeFiles/main.dir/Users/cole/code/piPico/pico-sdk/src/common/pico_sync/mutex.c.obj
                0x0000000010000bdc                recursive_mutex_init
 .text.critical_section_init
                0x0000000010000bf8       0x20 CMakeFiles/main.dir/Users/cole/code/piPico/pico-sdk/src/common/pico_sync/critical_section.c.obj
                0x0000000010000bf8                critical_section_init
 .text.critical_section_init_with_lock_num
                0x0000000010000c18       0x14 CMakeFiles/main.dir/Users/cole/code/piPico/pico-sdk/src/common/pico_sync/critical_section.c.obj
                0x0000000010000c18                critical_section_init_with_lock_num
 .text.timer_pool_entry_comparator
                0x0000000010000c2c       0x34 CMakeFiles/main.dir/Users/cole/code/piPico/pico-sdk/src/common/pico_time/time.c.obj
                0x0000000010000c2c                timer_pool_entry_comparator
 .text.sleep_until_callback
                0x0000000010000c60       0x30 CMakeFiles/main.dir/Users/cole/code/piPico/pico-sdk/src/common/pico_time/time.c.obj
 .text.add_alarm_under_lock.isra.0
                0x0000000010000c90      0x100 CMakeFiles/main.dir/Users/cole/code/piPico/pico-sdk/src/common/pico_time/time.c.obj
 .text.alarm_pool_alarm_callback
                0x0000000010000d90      0x1b8 CMakeFiles/main.dir/Users/cole/code/piPico/pico-sdk/src/common/pico_time/time.c.obj
 .text.alarm_pool_init_default
                0x0000000010000f48       0x6c CMakeFiles/main.dir/Users/cole/code/piPico/pico-sdk/src/common/pico_time/time.c.obj
                0x0000000010000f48                alarm_pool_init_default
 .text.alarm_pool_get_default
                0x0000000010000fb4        0x8 CMakeFiles/main.dir/Users/cole/code/piPico/pico-sdk/src/common/pico_time/time.c.obj
                0x0000000010000fb4                alarm_pool_get_default
 .text.alarm_pool_add_alarm_at
                0x0000000010000fbc      0x17c CMakeFiles/main.dir/Users/cole/code/piPico/pico-sdk/src/common/pico_time/time.c.obj
                0x0000000010000fbc                alarm_pool_add_alarm_at
 .text.alarm_pool_cancel_alarm
                0x0000000010001138       0x74 CMakeFiles/main.dir/Users/cole/code/piPico/pico-sdk/src/common/pico_time/time.c.obj
                0x0000000010001138                alarm_pool_cancel_alarm
 .text.alarm_pool_core_num
                0x00000000100011ac        0x4 CMakeFiles/main.dir/Users/cole/code/piPico/pico-sdk/src/common/pico_time/time.c.obj
                0x00000000100011ac                alarm_pool_core_num
 .text.sleep_until
                0x00000000100011b0       0xc4 CMakeFiles/main.dir/Users/cole/code/piPico/pico-sdk/src/common/pico_time/time.c.obj
                0x00000000100011b0                sleep_until
 .text.sleep_ms
                0x0000000010001274       0x34 CMakeFiles/main.dir/Users/cole/code/piPico/pico-sdk/src/common/pico_time/time.c.obj
                0x0000000010001274                sleep_ms
 .text.best_effort_wfe_or_timeout
                0x00000000100012a8       0x78 CMakeFiles/main.dir/Users/cole/code/piPico/pico-sdk/src/common/pico_time/time.c.obj
                0x00000000100012a8                best_effort_wfe_or_timeout
 .text.hardware_alarm_irq_handler
                0x0000000010001320       0xbc CMakeFiles/main.dir/Users/cole/code/piPico/pico-sdk/src/rp2_common/hardware_timer/timer.c.obj
 .text.hardware_alarm_claim
                0x00000000100013dc       0x18 CMakeFiles/main.dir/Users/cole/code/piPico/pico-sdk/src/rp2_common/hardware_timer/timer.c.obj
                0x00000000100013dc                hardware_alarm_claim
 .text.time_us_64
                0x00000000100013f4       0x14 CMakeFiles/main.dir/Users/cole/code/piPico/pico-sdk/src/rp2_common/hardware_timer/timer.c.obj
                0x00000000100013f4                time_us_64
 .text.busy_wait_until
                0x0000000010001408       0x20 CMakeFiles/main.dir/Users/cole/code/piPico/pico-sdk/src/rp2_common/hardware_timer/timer.c.obj
                0x0000000010001408                busy_wait_until
 .text.hardware_alarm_set_callback
                0x0000000010001428       0x8c CMakeFiles/main.dir/Users/cole/code/piPico/pico-sdk/src/rp2_common/hardware_timer/timer.c.obj
                0x0000000010001428                hardware_alarm_set_callback
 .text.hardware_alarm_set_target
                0x00000000100014b4       0xe0 CMakeFiles/main.dir/Users/cole/code/piPico/pico-sdk/src/rp2_common/hardware_timer/timer.c.obj
                0x00000000100014b4                hardware_alarm_set_target
 .text.hardware_alarm_cancel
                0x0000000010001594       0x3c CMakeFiles/main.dir/Users/cole/code/piPico/pico-sdk/src/rp2_common/hardware_timer/timer.c.obj
                0x0000000010001594                hardware_alarm_cancel
 .text.ph_merge_nodes
                0x00000000100015d0       0x68 CMakeFiles/main.dir/Users/cole/code/piPico/pico-sdk/src/common/pico_util/pheap.c.obj
 .text.ph_post_alloc_init
                0x0000000010001638       0x3c CMakeFiles/main.dir/Users/cole/code/piPico/pico-sdk/src/common/pico_util/pheap.c.obj
                0x0000000010001638                ph_post_alloc_init
 .text.ph_merge_two_pass
                0x0000000010001674       0x90 CMakeFiles/main.dir/Users/cole/code/piPico/pico-sdk/src/common/pico_util/pheap.c.obj
                0x0000000010001674                ph_merge_two_pass
 .text.ph_remove_any_head
                0x0000000010001704      0x100 CMakeFiles/main.dir/Users/cole/code/piPico/pico-sdk/src/common/pico_util/pheap.c.obj
 .text.ph_remove_head
                0x0000000010001804      0x104 CMakeFiles/main.dir/Users/cole/code/piPico/pico-sdk/src/common/pico_util/pheap.c.obj
                0x0000000010001804                ph_remove_head
 .text.ph_remove_and_free_node
                0x0000000010001908       0x7c CMakeFiles/main.dir/Users/cole/code/piPico/pico-sdk/src/common/pico_util/pheap.c.obj
                0x0000000010001908                ph_remove_and_free_node
 .text.clocks_init
                0x0000000010001984      0x2bc CMakeFiles/main.dir/Users/cole/code/piPico/pico-sdk/src/rp2_common/hardware_clocks/clocks.c.obj
                0x0000000010001984                clocks_init
 .text.clock_get_hz
                0x0000000010001c40        0xc CMakeFiles/main.dir/Users/cole/code/piPico/pico-sdk/src/rp2_common/hardware_clocks/clocks.c.obj
                0x0000000010001c40                clock_get_hz
 .text.pll_init
                0x0000000010001c4c       0xb0 CMakeFiles/main.dir/Users/cole/code/piPico/pico-sdk/src/rp2_common/hardware_pll/pll.c.obj
                0x0000000010001c4c                pll_init
 .text.watchdog_start_tick
                0x0000000010001cfc       0x10 CMakeFiles/main.dir/Users/cole/code/piPico/pico-sdk/src/rp2_common/hardware_watchdog/watchdog.c.obj
                0x0000000010001cfc                watchdog_start_tick
 .text.watchdog_reboot
                0x0000000010001d0c       0x98 CMakeFiles/main.dir/Users/cole/code/piPico/pico-sdk/src/rp2_common/hardware_watchdog/watchdog.c.obj
                0x0000000010001d0c                watchdog_reboot
 .text.xosc_init
                0x0000000010001da4       0x28 CMakeFiles/main.dir/Users/cole/code/piPico/pico-sdk/src/rp2_common/hardware_xosc/xosc.c.obj
                0x0000000010001da4                xosc_init
 .text.runtime_init
                0x0000000010001dcc       0xf0 CMakeFiles/main.dir/Users/cole/code/piPico/pico-sdk/src/rp2_common/pico_runtime/runtime.c.obj
                0x0000000010001dcc                runtime_init
 .text._exit    0x0000000010001ebc        0x4 CMakeFiles/main.dir/Users/cole/code/piPico/pico-sdk/src/rp2_common/pico_runtime/runtime.c.obj
                0x0000000010001ebc                _exit
 .text._sbrk    0x0000000010001ec0       0x34 CMakeFiles/main.dir/Users/cole/code/piPico/pico-sdk/src/rp2_common/pico_runtime/runtime.c.obj
                0x0000000010001ec0                _sbrk
 .text.exit     0x0000000010001ef4        0x8 CMakeFiles/main.dir/Users/cole/code/piPico/pico-sdk/src/rp2_common/pico_runtime/runtime.c.obj
                0x0000000010001ef4                exit
 .text.panic    0x0000000010001efc       0x30 CMakeFiles/main.dir/Users/cole/code/piPico/pico-sdk/src/rp2_common/pico_runtime/runtime.c.obj
                0x0000000010001efc                panic
 .text.hard_assertion_failure
                0x0000000010001f2c        0xc CMakeFiles/main.dir/Users/cole/code/piPico/pico-sdk/src/rp2_common/pico_runtime/runtime.c.obj
                0x0000000010001f2c                hard_assertion_failure
 .text._out_buffer
                0x0000000010001f38        0x8 CMakeFiles/main.dir/Users/cole/code/piPico/pico-sdk/src/rp2_common/pico_printf/printf.c.obj
 .text._out_null
                0x0000000010001f40        0x4 CMakeFiles/main.dir/Users/cole/code/piPico/pico-sdk/src/rp2_common/pico_printf/printf.c.obj
 .text._out_rev
                0x0000000010001f44       0x9c CMakeFiles/main.dir/Users/cole/code/piPico/pico-sdk/src/rp2_common/pico_printf/printf.c.obj
 .text._ntoa_format
                0x0000000010001fe0      0x1cc CMakeFiles/main.dir/Users/cole/code/piPico/pico-sdk/src/rp2_common/pico_printf/printf.c.obj
 .text._out_char
                0x00000000100021ac       0x10 CMakeFiles/main.dir/Users/cole/code/piPico/pico-sdk/src/rp2_common/pico_printf/printf.c.obj
 .text._etoa    0x00000000100021bc      0x44c CMakeFiles/main.dir/Users/cole/code/piPico/pico-sdk/src/rp2_common/pico_printf/printf.c.obj
 .text._ftoa    0x0000000010002608      0x398 CMakeFiles/main.dir/Users/cole/code/piPico/pico-sdk/src/rp2_common/pico_printf/printf.c.obj
 .text._vsnprintf
                0x00000000100029a0      0xb04 CMakeFiles/main.dir/Users/cole/code/piPico/pico-sdk/src/rp2_common/pico_printf/printf.c.obj
 .text.__wrap_sprintf
                0x00000000100034a4       0x28 CMakeFiles/main.dir/Users/cole/code/piPico/pico-sdk/src/rp2_common/pico_printf/printf.c.obj
                0x00000000100034a4                __wrap_sprintf
 .text.weak_raw_vprintf
                0x00000000100034cc       0x30 CMakeFiles/main.dir/Users/cole/code/piPico/pico-sdk/src/rp2_common/pico_printf/printf.c.obj
                0x00000000100034cc                weak_raw_vprintf
 .text          0x00000000100034fc       0x10 CMakeFiles/main.dir/Users/cole/code/piPico/pico-sdk/src/rp2_common/pico_bit_ops/bit_ops_aeabi.S.obj
 .text.rom_func_lookup
                0x000000001000350c       0x10 CMakeFiles/main.dir/Users/cole/code/piPico/pico-sdk/src/rp2_common/pico_bootrom/bootrom.c.obj
                0x000000001000350c                rom_func_lookup
 .text.rom_data_lookup
                0x000000001000351c       0x10 CMakeFiles/main.dir/Users/cole/code/piPico/pico-sdk/src/rp2_common/pico_bootrom/bootrom.c.obj
                0x000000001000351c                rom_data_lookup
 .text.rom_funcs_lookup
                0x000000001000352c       0x44 CMakeFiles/main.dir/Users/cole/code/piPico/pico-sdk/src/rp2_common/pico_bootrom/bootrom.c.obj
                0x000000001000352c                rom_funcs_lookup
 .text.__wrap___aeabi_idiv
                0x0000000010003570       0x50 CMakeFiles/main.dir/Users/cole/code/piPico/pico-sdk/src/rp2_common/pico_divider/divider.S.obj
                0x0000000010003570                __wrap___aeabi_idivmod
                0x0000000010003570                divmod_s32s32
                0x0000000010003570                div_s32s32
                0x0000000010003570                __wrap___aeabi_idiv
                0x0000000010003578                divmod_s32s32_unsafe
                0x00000000100035a4                divmod_s32s32_savestate
 .text.__wrap___aeabi_uidiv
                0x00000000100035c0       0x4c CMakeFiles/main.dir/Users/cole/code/piPico/pico-sdk/src/rp2_common/pico_divider/divider.S.obj
                0x00000000100035c0                __wrap___aeabi_uidiv
                0x00000000100035c0                __wrap___aeabi_uidivmod
                0x00000000100035c0                div_u32u32
                0x00000000100035c0                divmod_u32u32
                0x00000000100035c8                divmod_u32u32_unsafe
                0x00000000100035f0                divmod_u32u32_savestate
 .text.__wrap___aeabi_ldiv
                0x000000001000360c      0x424 CMakeFiles/main.dir/Users/cole/code/piPico/pico-sdk/src/rp2_common/pico_divider/divider.S.obj
                0x000000001000360c                __wrap___aeabi_ldivmod
                0x000000001000360c                div_s64s64
                0x000000001000360c                divmod_s64s64
                0x000000001000363c                divmod_u64u64
                0x000000001000363c                div_u64u64
                0x000000001000363c                __wrap___aeabi_uldivmod
                0x000000001000364c                divmod_u64u64_savestate
                0x000000001000366c                divmod_s64s64_unsafe
                0x00000000100036f4                divmod_u64u64_unsafe
 .text.__wrap___aeabi_darithmetic
                0x0000000010003a30       0x60 CMakeFiles/main.dir/Users/cole/code/piPico/pico-sdk/src/rp2_common/pico_double/double_aeabi.S.obj
                0x0000000010003a30                __wrap___aeabi_drsub
                0x0000000010003a36                __wrap___aeabi_dsub
                0x0000000010003a40                __wrap___aeabi_dadd
                0x0000000010003a4a                __wrap___aeabi_ddiv
                0x0000000010003a7e                __wrap___aeabi_dmul
 .text.__wrap___aeabi_cdcmple
                0x0000000010003a90       0x6c CMakeFiles/main.dir/Users/cole/code/piPico/pico-sdk/src/rp2_common/pico_double/double_aeabi.S.obj
                0x0000000010003a90                __wrap___aeabi_cdrcmple
                0x0000000010003aa0                __wrap___aeabi_cdcmple
                0x0000000010003aa0                __wrap___aeabi_cdcmpeq
 .text.__wrap___aeabi_dcmplt
                0x0000000010003afc        0xc CMakeFiles/main.dir/Users/cole/code/piPico/pico-sdk/src/rp2_common/pico_double/double_aeabi.S.obj
                0x0000000010003afc                __wrap___aeabi_dcmplt
 .text.__wrap___aeabi_dcmple
                0x0000000010003b08       0x10 CMakeFiles/main.dir/Users/cole/code/piPico/pico-sdk/src/rp2_common/pico_double/double_aeabi.S.obj
                0x0000000010003b08                __wrap___aeabi_dcmple
 .text.__wrap___aeabi_dcmpge
                0x0000000010003b18       0x10 CMakeFiles/main.dir/Users/cole/code/piPico/pico-sdk/src/rp2_common/pico_double/double_aeabi.S.obj
                0x0000000010003b18                __wrap___aeabi_dcmpge
 .text.__wrap___aeabi_dcmpgt
                0x0000000010003b28        0xa CMakeFiles/main.dir/Users/cole/code/piPico/pico-sdk/src/rp2_common/pico_double/double_aeabi.S.obj
                0x0000000010003b28                __wrap___aeabi_dcmpgt
 .text.__wrap___aeabi_dcmpun
                0x0000000010003b32       0x1c CMakeFiles/main.dir/Users/cole/code/piPico/pico-sdk/src/rp2_common/pico_double/double_aeabi.S.obj
                0x0000000010003b32                __wrap___aeabi_dcmpun
 *fill*         0x0000000010003b4e        0x2 
 .text.__wrap___aeabi_i2d
                0x0000000010003b50       0x38 CMakeFiles/main.dir/Users/cole/code/piPico/pico-sdk/src/rp2_common/pico_double/double_aeabi.S.obj
                0x0000000010003b50                __wrap___aeabi_ui2d
                0x0000000010003b58                __wrap___aeabi_i2d
 .text.__wrap___aeabi_d2iz
                0x0000000010003b88       0x48 CMakeFiles/main.dir/Users/cole/code/piPico/pico-sdk/src/rp2_common/pico_double/double_aeabi.S.obj
                0x0000000010003b88                __wrap___aeabi_d2iz
                0x0000000010003b88                double2int_z
 .text.__wrap___aeabi_d2uiz
                0x0000000010003bd0       0x10 CMakeFiles/main.dir/Users/cole/code/piPico/pico-sdk/src/rp2_common/pico_double/double_aeabi.S.obj
                0x0000000010003bd0                double2uint
                0x0000000010003bd0                __wrap___aeabi_d2uiz
 .text.missing_double_func_shim
                0x0000000010003be0        0xc CMakeFiles/main.dir/Users/cole/code/piPico/pico-sdk/src/rp2_common/pico_double/double_init_rom.c.obj
 .text.__aeabi_double_init
                0x0000000010003bec       0x98 CMakeFiles/main.dir/Users/cole/code/piPico/pico-sdk/src/rp2_common/pico_double/double_init_rom.c.obj
                0x0000000010003bec                __aeabi_double_init
 .text.double_table_shim_on_use_helper
                0x0000000010003c84       0x2c CMakeFiles/main.dir/Users/cole/code/piPico/pico-sdk/src/rp2_common/pico_double/double_v1_rom_shim.S.obj
                0x0000000010003c84                double_table_shim_on_use_helper
 .text.__aeabi_lmul
                0x0000000010003cb0       0x32 CMakeFiles/main.dir/Users/cole/code/piPico/pico-sdk/src/rp2_common/pico_int64_ops/pico_int64_ops_aeabi.S.obj
                0x0000000010003cb0                __wrap___aeabi_lmul
 *fill*         0x0000000010003ce2        0x2 
 .text.__wrap___aeabi_farithmetic
                0x0000000010003ce4       0x48 CMakeFiles/main.dir/Users/cole/code/piPico/pico-sdk/src/rp2_common/pico_float/float_aeabi.S.obj
                0x0000000010003ce4                __wrap___aeabi_frsub
                0x0000000010003cea                __wrap___aeabi_fsub
                0x0000000010003cf0                __wrap___aeabi_fadd
                0x0000000010003cf6                __wrap___aeabi_fdiv
                0x0000000010003d1e                __wrap___aeabi_fmul
 .text.__wrap___aeabi_i2f
                0x0000000010003d2c       0x44 CMakeFiles/main.dir/Users/cole/code/piPico/pico-sdk/src/rp2_common/pico_float/float_aeabi.S.obj
                0x0000000010003d2c                __wrap___aeabi_i2f
 .text.__wrap___aeabi_f2iz
                0x0000000010003d70       0x4e CMakeFiles/main.dir/Users/cole/code/piPico/pico-sdk/src/rp2_common/pico_float/float_aeabi.S.obj
                0x0000000010003d70                __wrap___aeabi_f2iz
                0x0000000010003d70                float2int_z
 *fill*         0x0000000010003dbe        0x2 
 .text.float2int
                0x0000000010003dc0        0xc CMakeFiles/main.dir/Users/cole/code/piPico/pico-sdk/src/rp2_common/pico_float/float_aeabi.S.obj
                0x0000000010003dc0                float2int
 .text.__wrap___aeabi_f2uiz
                0x0000000010003dcc        0xc CMakeFiles/main.dir/Users/cole/code/piPico/pico-sdk/src/rp2_common/pico_float/float_aeabi.S.obj
                0x0000000010003dcc                __wrap___aeabi_f2uiz
 .text.missing_float_func_shim
                0x0000000010003dd8        0xc CMakeFiles/main.dir/Users/cole/code/piPico/pico-sdk/src/rp2_common/pico_float/float_init_rom.c.obj
 .text.__aeabi_float_init
                0x0000000010003de4       0x5c CMakeFiles/main.dir/Users/cole/code/piPico/pico-sdk/src/rp2_common/pico_float/float_init_rom.c.obj
                0x0000000010003de4                __aeabi_float_init
 .text.__wrap_malloc
                0x0000000010003e40       0x24 CMakeFiles/main.dir/Users/cole/code/piPico/pico-sdk/src/rp2_common/pico_malloc/pico_malloc.c.obj
                0x0000000010003e40                __wrap_malloc
 .text.__wrap_free
                0x0000000010003e64        0x8 CMakeFiles/main.dir/Users/cole/code/piPico/pico-sdk/src/rp2_common/pico_malloc/pico_malloc.c.obj
                0x0000000010003e64                __wrap_free
 .text          0x0000000010003e6c       0x10 CMakeFiles/main.dir/Users/cole/code/piPico/pico-sdk/src/rp2_common/pico_mem_ops/mem_ops_aeabi.S.obj
                0x0000000010003e6c                __aeabi_mem_init
 .text.memset   0x0000000010003e7c        0xc CMakeFiles/main.dir/Users/cole/code/piPico/pico-sdk/src/rp2_common/pico_mem_ops/mem_ops_aeabi.S.obj
                0x0000000010003e7c                __wrap_memset
 .text.memcpy   0x0000000010003e88        0xc CMakeFiles/main.dir/Users/cole/code/piPico/pico-sdk/src/rp2_common/pico_mem_ops/mem_ops_aeabi.S.obj
                0x0000000010003e88                __wrap___aeabi_memcpy
                0x0000000010003e88                __wrap_memcpy
 .text.stdio_out_chars_no_crlf
                0x0000000010003e94       0x10 CMakeFiles/main.dir/Users/cole/code/piPico/pico-sdk/src/rp2_common/pico_stdio/stdio.c.obj
 .text.stdio_out_chars_crlf
                0x0000000010003ea4       0xb4 CMakeFiles/main.dir/Users/cole/code/piPico/pico-sdk/src/rp2_common/pico_stdio/stdio.c.obj
 .text.stdio_put_string.isra.0
                0x0000000010003f58       0xfc CMakeFiles/main.dir/Users/cole/code/piPico/pico-sdk/src/rp2_common/pico_stdio/stdio.c.obj
 .text.__wrap_putchar
                0x0000000010004054       0x98 CMakeFiles/main.dir/Users/cole/code/piPico/pico-sdk/src/rp2_common/pico_stdio/stdio.c.obj
                0x0000000010004054                __wrap_putchar
 .text.__wrap_puts
                0x00000000100040ec       0x3c CMakeFiles/main.dir/Users/cole/code/piPico/pico-sdk/src/rp2_common/pico_stdio/stdio.c.obj
                0x00000000100040ec                __wrap_puts
 .text.stdio_set_driver_enabled
                0x0000000010004128       0x30 CMakeFiles/main.dir/Users/cole/code/piPico/pico-sdk/src/rp2_common/pico_stdio/stdio.c.obj
                0x0000000010004128                stdio_set_driver_enabled
 .text.stdio_init_all
                0x0000000010004158        0x8 CMakeFiles/main.dir/Users/cole/code/piPico/pico-sdk/src/rp2_common/pico_stdio/stdio.c.obj
                0x0000000010004158                stdio_init_all
 .text.resetd_init
                0x0000000010004160        0x4 CMakeFiles/main.dir/Users/cole/code/piPico/pico-sdk/src/rp2_common/pico_stdio_usb/reset_interface.c.obj
 .text.resetd_reset
                0x0000000010004164        0xc CMakeFiles/main.dir/Users/cole/code/piPico/pico-sdk/src/rp2_common/pico_stdio_usb/reset_interface.c.obj
 .text.resetd_open
                0x0000000010004170       0x28 CMakeFiles/main.dir/Users/cole/code/piPico/pico-sdk/src/rp2_common/pico_stdio_usb/reset_interface.c.obj
 .text.resetd_xfer_cb
                0x0000000010004198        0x4 CMakeFiles/main.dir/Users/cole/code/piPico/pico-sdk/src/rp2_common/pico_stdio_usb/reset_interface.c.obj
 .text.resetd_control_xfer_cb
                0x000000001000419c       0x64 CMakeFiles/main.dir/Users/cole/code/piPico/pico-sdk/src/rp2_common/pico_stdio_usb/reset_interface.c.obj
 .text.usbd_app_driver_get_cb
                0x0000000010004200        0xc CMakeFiles/main.dir/Users/cole/code/piPico/pico-sdk/src/rp2_common/pico_stdio_usb/reset_interface.c.obj
                0x0000000010004200                usbd_app_driver_get_cb
 .text.tud_cdc_line_coding_cb
                0x000000001000420c       0x34 CMakeFiles/main.dir/Users/cole/code/piPico/pico-sdk/src/rp2_common/pico_stdio_usb/reset_interface.c.obj
                0x000000001000420c                tud_cdc_line_coding_cb
 .text.stdio_usb_set_chars_available_callback
                0x0000000010004240       0x14 CMakeFiles/main.dir/Users/cole/code/piPico/pico-sdk/src/rp2_common/pico_stdio_usb/stdio_usb.c.obj
                0x0000000010004240                stdio_usb_set_chars_available_callback
 .text.usb_irq  0x0000000010004254       0x10 CMakeFiles/main.dir/Users/cole/code/piPico/pico-sdk/src/rp2_common/pico_stdio_usb/stdio_usb.c.obj
 .text.timer_task
                0x0000000010004264       0x54 CMakeFiles/main.dir/Users/cole/code/piPico/pico-sdk/src/rp2_common/pico_stdio_usb/stdio_usb.c.obj
 .text.stdio_usb_in_chars
                0x00000000100042b8       0x90 CMakeFiles/main.dir/Users/cole/code/piPico/pico-sdk/src/rp2_common/pico_stdio_usb/stdio_usb.c.obj
                0x00000000100042b8                stdio_usb_in_chars
 .text.stdio_usb_out_chars
                0x0000000010004348      0x100 CMakeFiles/main.dir/Users/cole/code/piPico/pico-sdk/src/rp2_common/pico_stdio_usb/stdio_usb.c.obj
 .text.low_priority_worker_irq
                0x0000000010004448       0xa8 CMakeFiles/main.dir/Users/cole/code/piPico/pico-sdk/src/rp2_common/pico_stdio_usb/stdio_usb.c.obj
 .text.tud_cdc_rx_cb
                0x00000000100044f0       0x20 CMakeFiles/main.dir/Users/cole/code/piPico/pico-sdk/src/rp2_common/pico_stdio_usb/stdio_usb.c.obj
                0x00000000100044f0                tud_cdc_rx_cb
 .text.stdio_usb_init
                0x0000000010004510       0xdc CMakeFiles/main.dir/Users/cole/code/piPico/pico-sdk/src/rp2_common/pico_stdio_usb/stdio_usb.c.obj
                0x0000000010004510                stdio_usb_init
 .text.tud_descriptor_device_cb
                0x00000000100045ec        0x8 CMakeFiles/main.dir/Users/cole/code/piPico/pico-sdk/src/rp2_common/pico_stdio_usb/stdio_usb_descriptors.c.obj
                0x00000000100045ec                tud_descriptor_device_cb
 .text.tud_descriptor_configuration_cb
                0x00000000100045f4        0x8 CMakeFiles/main.dir/Users/cole/code/piPico/pico-sdk/src/rp2_common/pico_stdio_usb/stdio_usb_descriptors.c.obj
                0x00000000100045f4                tud_descriptor_configuration_cb
 .text.tud_descriptor_string_cb
                0x00000000100045fc       0x74 CMakeFiles/main.dir/Users/cole/code/piPico/pico-sdk/src/rp2_common/pico_stdio_usb/stdio_usb_descriptors.c.obj
                0x00000000100045fc                tud_descriptor_string_cb
 .text.startup._retrieve_unique_id_on_boot
                0x0000000010004670       0x10 CMakeFiles/main.dir/Users/cole/code/piPico/pico-sdk/src/rp2_common/pico_unique_id/unique_id.c.obj
 .text.pico_get_unique_board_id_string
                0x0000000010004680      0x1a8 CMakeFiles/main.dir/Users/cole/code/piPico/pico-sdk/src/rp2_common/pico_unique_id/unique_id.c.obj
                0x0000000010004680                pico_get_unique_board_id_string
 .text.flash_get_unique_id
                0x0000000010004828       0x40 CMakeFiles/main.dir/Users/cole/code/piPico/pico-sdk/src/rp2_common/hardware_flash/flash.c.obj
                0x0000000010004828                flash_get_unique_id
 .text.dcd_int_enable
                0x0000000010004868        0xc CMakeFiles/main.dir/Users/cole/code/piPico/pico-sdk/lib/tinyusb/src/portable/raspberrypi/rp2040/dcd_rp2040.c.obj
                0x0000000010004868                dcd_int_enable
 .text.dcd_set_address
                0x0000000010004874       0x14 CMakeFiles/main.dir/Users/cole/code/piPico/pico-sdk/lib/tinyusb/src/portable/raspberrypi/rp2040/dcd_rp2040.c.obj
                0x0000000010004874                dcd_set_address
 .text.dcd_connect
                0x0000000010004888       0x10 CMakeFiles/main.dir/Users/cole/code/piPico/pico-sdk/lib/tinyusb/src/portable/raspberrypi/rp2040/dcd_rp2040.c.obj
                0x0000000010004888                dcd_connect
 .text.dcd_init
                0x0000000010004898       0x98 CMakeFiles/main.dir/Users/cole/code/piPico/pico-sdk/lib/tinyusb/src/portable/raspberrypi/rp2040/dcd_rp2040.c.obj
                0x0000000010004898                dcd_init
 .text.dcd_edpt0_status_complete
                0x0000000010004930       0x1c CMakeFiles/main.dir/Users/cole/code/piPico/pico-sdk/lib/tinyusb/src/portable/raspberrypi/rp2040/dcd_rp2040.c.obj
                0x0000000010004930                dcd_edpt0_status_complete
 .text.dcd_edpt_open
                0x000000001000494c      0x108 CMakeFiles/main.dir/Users/cole/code/piPico/pico-sdk/lib/tinyusb/src/portable/raspberrypi/rp2040/dcd_rp2040.c.obj
                0x000000001000494c                dcd_edpt_open
 .text.dcd_edpt_close_all
                0x0000000010004a54        0x8 CMakeFiles/main.dir/Users/cole/code/piPico/pico-sdk/lib/tinyusb/src/portable/raspberrypi/rp2040/dcd_rp2040.c.obj
                0x0000000010004a54                dcd_edpt_close_all
 .text.dcd_edpt_xfer
                0x0000000010004a5c       0x24 CMakeFiles/main.dir/Users/cole/code/piPico/pico-sdk/lib/tinyusb/src/portable/raspberrypi/rp2040/dcd_rp2040.c.obj
                0x0000000010004a5c                dcd_edpt_xfer
 .text.dcd_edpt_stall
                0x0000000010004a80       0x38 CMakeFiles/main.dir/Users/cole/code/piPico/pico-sdk/lib/tinyusb/src/portable/raspberrypi/rp2040/dcd_rp2040.c.obj
                0x0000000010004a80                dcd_edpt_stall
 .text.dcd_edpt_clear_stall
                0x0000000010004ab8       0x30 CMakeFiles/main.dir/Users/cole/code/piPico/pico-sdk/lib/tinyusb/src/portable/raspberrypi/rp2040/dcd_rp2040.c.obj
                0x0000000010004ab8                dcd_edpt_clear_stall
 .text.rp2040_usb_init
                0x0000000010004ae8       0x4c CMakeFiles/main.dir/Users/cole/code/piPico/pico-sdk/lib/tinyusb/src/portable/raspberrypi/rp2040/rp2040_usb.c.obj
                0x0000000010004ae8                rp2040_usb_init
 .text.hw_endpoint_xfer_start
                0x0000000010004b34       0x50 CMakeFiles/main.dir/Users/cole/code/piPico/pico-sdk/lib/tinyusb/src/portable/raspberrypi/rp2040/rp2040_usb.c.obj
                0x0000000010004b34                hw_endpoint_xfer_start
 .text.tud_mounted
                0x0000000010004b84       0x10 CMakeFiles/main.dir/Users/cole/code/piPico/pico-sdk/lib/tinyusb/src/device/usbd.c.obj
                0x0000000010004b84                tud_mounted
 .text.tud_suspended
                0x0000000010004b94       0x10 CMakeFiles/main.dir/Users/cole/code/piPico/pico-sdk/lib/tinyusb/src/device/usbd.c.obj
                0x0000000010004b94                tud_suspended
 .text.tud_inited
                0x0000000010004ba4       0x14 CMakeFiles/main.dir/Users/cole/code/piPico/pico-sdk/lib/tinyusb/src/device/usbd.c.obj
                0x0000000010004ba4                tud_inited
 .text.tud_init
                0x0000000010004bb8       0xe4 CMakeFiles/main.dir/Users/cole/code/piPico/pico-sdk/lib/tinyusb/src/device/usbd.c.obj
                0x0000000010004bb8                tud_init
 .text.tud_task_ext
                0x0000000010004c9c      0x854 CMakeFiles/main.dir/Users/cole/code/piPico/pico-sdk/lib/tinyusb/src/device/usbd.c.obj
                0x0000000010004c9c                tud_task_ext
 .text.usbd_open_edpt_pair
                0x00000000100054f0       0x9c CMakeFiles/main.dir/Users/cole/code/piPico/pico-sdk/lib/tinyusb/src/device/usbd.c.obj
                0x00000000100054f0                usbd_open_edpt_pair
 .text.usbd_defer_func
                0x000000001000558c       0x48 CMakeFiles/main.dir/Users/cole/code/piPico/pico-sdk/lib/tinyusb/src/device/usbd.c.obj
                0x000000001000558c                usbd_defer_func
 .text.usbd_edpt_open
                0x00000000100055d4       0x34 CMakeFiles/main.dir/Users/cole/code/piPico/pico-sdk/lib/tinyusb/src/device/usbd.c.obj
                0x00000000100055d4                usbd_edpt_open
 .text.usbd_edpt_claim
                0x0000000010005608       0x28 CMakeFiles/main.dir/Users/cole/code/piPico/pico-sdk/lib/tinyusb/src/device/usbd.c.obj
                0x0000000010005608                usbd_edpt_claim
 .text.usbd_edpt_release
                0x0000000010005630       0x28 CMakeFiles/main.dir/Users/cole/code/piPico/pico-sdk/lib/tinyusb/src/device/usbd.c.obj
                0x0000000010005630                usbd_edpt_release
 .text.usbd_edpt_xfer
                0x0000000010005658       0x4c CMakeFiles/main.dir/Users/cole/code/piPico/pico-sdk/lib/tinyusb/src/device/usbd.c.obj
                0x0000000010005658                usbd_edpt_xfer
 .text.tud_control_status
                0x00000000100056a4       0x30 CMakeFiles/main.dir/Users/cole/code/piPico/pico-sdk/lib/tinyusb/src/device/usbd_control.c.obj
                0x00000000100056a4                tud_control_status
 .text.tud_control_xfer
                0x00000000100056d4       0xbc CMakeFiles/main.dir/Users/cole/code/piPico/pico-sdk/lib/tinyusb/src/device/usbd_control.c.obj
                0x00000000100056d4                tud_control_xfer
 .text.usbd_control_reset
                0x0000000010005790       0x14 CMakeFiles/main.dir/Users/cole/code/piPico/pico-sdk/lib/tinyusb/src/device/usbd_control.c.obj
                0x0000000010005790                usbd_control_reset
 .text.usbd_control_set_complete_callback
                0x00000000100057a4        0xc CMakeFiles/main.dir/Users/cole/code/piPico/pico-sdk/lib/tinyusb/src/device/usbd_control.c.obj
                0x00000000100057a4                usbd_control_set_complete_callback
 .text.usbd_control_set_request
                0x00000000100057b0       0x1c CMakeFiles/main.dir/Users/cole/code/piPico/pico-sdk/lib/tinyusb/src/device/usbd_control.c.obj
                0x00000000100057b0                usbd_control_set_request
 .text.usbd_control_xfer_cb
                0x00000000100057cc       0xfc CMakeFiles/main.dir/Users/cole/code/piPico/pico-sdk/lib/tinyusb/src/device/usbd_control.c.obj
                0x00000000100057cc                usbd_control_xfer_cb
 .text.tud_cdc_n_connected
                0x00000000100058c8       0x30 CMakeFiles/main.dir/Users/cole/code/piPico/pico-sdk/lib/tinyusb/src/class/cdc/cdc_device.c.obj
                0x00000000100058c8                tud_cdc_n_connected
 .text.tud_cdc_n_available
                0x00000000100058f8       0x18 CMakeFiles/main.dir/Users/cole/code/piPico/pico-sdk/lib/tinyusb/src/class/cdc/cdc_device.c.obj
                0x00000000100058f8                tud_cdc_n_available
 .text.tud_cdc_n_read
                0x0000000010005910       0x70 CMakeFiles/main.dir/Users/cole/code/piPico/pico-sdk/lib/tinyusb/src/class/cdc/cdc_device.c.obj
                0x0000000010005910                tud_cdc_n_read
 .text.tud_cdc_n_write_flush
                0x0000000010005980       0x78 CMakeFiles/main.dir/Users/cole/code/piPico/pico-sdk/lib/tinyusb/src/class/cdc/cdc_device.c.obj
                0x0000000010005980                tud_cdc_n_write_flush
 .text.tud_cdc_n_write
                0x00000000100059f8       0x34 CMakeFiles/main.dir/Users/cole/code/piPico/pico-sdk/lib/tinyusb/src/class/cdc/cdc_device.c.obj
                0x00000000100059f8                tud_cdc_n_write
 .text.tud_cdc_n_write_available
                0x0000000010005a2c       0x18 CMakeFiles/main.dir/Users/cole/code/piPico/pico-sdk/lib/tinyusb/src/class/cdc/cdc_device.c.obj
                0x0000000010005a2c                tud_cdc_n_write_available
 .text.cdcd_init
                0x0000000010005a44       0x7c CMakeFiles/main.dir/Users/cole/code/piPico/pico-sdk/lib/tinyusb/src/class/cdc/cdc_device.c.obj
                0x0000000010005a44                cdcd_init
 .text.cdcd_reset
                0x0000000010005ac0       0x2c CMakeFiles/main.dir/Users/cole/code/piPico/pico-sdk/lib/tinyusb/src/class/cdc/cdc_device.c.obj
                0x0000000010005ac0                cdcd_reset
 .text.cdcd_open
                0x0000000010005aec       0xe8 CMakeFiles/main.dir/Users/cole/code/piPico/pico-sdk/lib/tinyusb/src/class/cdc/cdc_device.c.obj
                0x0000000010005aec                cdcd_open
 .text.cdcd_control_xfer_cb
                0x0000000010005bd4       0xe4 CMakeFiles/main.dir/Users/cole/code/piPico/pico-sdk/lib/tinyusb/src/class/cdc/cdc_device.c.obj
                0x0000000010005bd4                cdcd_control_xfer_cb
 .text.cdcd_xfer_cb
                0x0000000010005cb8      0x148 CMakeFiles/main.dir/Users/cole/code/piPico/pico-sdk/lib/tinyusb/src/class/cdc/cdc_device.c.obj
                0x0000000010005cb8                cdcd_xfer_cb
 .text.tusb_init
                0x0000000010005e00        0xc CMakeFiles/main.dir/Users/cole/code/piPico/pico-sdk/lib/tinyusb/src/tusb.c.obj
                0x0000000010005e00                tusb_init
 .text.tusb_inited
                0x0000000010005e0c        0x8 CMakeFiles/main.dir/Users/cole/code/piPico/pico-sdk/lib/tinyusb/src/tusb.c.obj
                0x0000000010005e0c                tusb_inited
 .text.tu_edpt_claim
                0x0000000010005e14       0x50 CMakeFiles/main.dir/Users/cole/code/piPico/pico-sdk/lib/tinyusb/src/tusb.c.obj
                0x0000000010005e14                tu_edpt_claim
 .text.tu_edpt_release
                0x0000000010005e64       0x38 CMakeFiles/main.dir/Users/cole/code/piPico/pico-sdk/lib/tinyusb/src/tusb.c.obj
                0x0000000010005e64                tu_edpt_release
 .text.tu_edpt_validate
                0x0000000010005e9c       0x78 CMakeFiles/main.dir/Users/cole/code/piPico/pico-sdk/lib/tinyusb/src/tusb.c.obj
                0x0000000010005e9c                tu_edpt_validate
 .text.tu_edpt_bind_driver
                0x0000000010005f14       0x34 CMakeFiles/main.dir/Users/cole/code/piPico/pico-sdk/lib/tinyusb/src/tusb.c.obj
                0x0000000010005f14                tu_edpt_bind_driver
 .text.tu_fifo_config
                0x0000000010005f48       0x70 CMakeFiles/main.dir/Users/cole/code/piPico/pico-sdk/lib/tinyusb/src/common/tusb_fifo.c.obj
                0x0000000010005f48                tu_fifo_config
 .text.tu_fifo_count
                0x0000000010005fb8       0x2c CMakeFiles/main.dir/Users/cole/code/piPico/pico-sdk/lib/tinyusb/src/common/tusb_fifo.c.obj
                0x0000000010005fb8                tu_fifo_count
 .text.tu_fifo_empty
                0x0000000010005fe4       0x10 CMakeFiles/main.dir/Users/cole/code/piPico/pico-sdk/lib/tinyusb/src/common/tusb_fifo.c.obj
                0x0000000010005fe4                tu_fifo_empty
 .text.tu_fifo_remaining
                0x0000000010005ff4       0x2c CMakeFiles/main.dir/Users/cole/code/piPico/pico-sdk/lib/tinyusb/src/common/tusb_fifo.c.obj
                0x0000000010005ff4                tu_fifo_remaining
 .text.tu_fifo_read
                0x0000000010006020       0xa0 CMakeFiles/main.dir/Users/cole/code/piPico/pico-sdk/lib/tinyusb/src/common/tusb_fifo.c.obj
                0x0000000010006020                tu_fifo_read
 .text.tu_fifo_read_n
                0x00000000100060c0       0xec CMakeFiles/main.dir/Users/cole/code/piPico/pico-sdk/lib/tinyusb/src/common/tusb_fifo.c.obj
                0x00000000100060c0                tu_fifo_read_n
 .text.tu_fifo_write
                0x00000000100061ac       0x88 CMakeFiles/main.dir/Users/cole/code/piPico/pico-sdk/lib/tinyusb/src/common/tusb_fifo.c.obj
                0x00000000100061ac                tu_fifo_write
 .text.tu_fifo_write_n
                0x0000000010006234      0x168 CMakeFiles/main.dir/Users/cole/code/piPico/pico-sdk/lib/tinyusb/src/common/tusb_fifo.c.obj
                0x0000000010006234                tu_fifo_write_n
 .text.tu_fifo_clear
                0x000000001000639c       0x40 CMakeFiles/main.dir/Users/cole/code/piPico/pico-sdk/lib/tinyusb/src/common/tusb_fifo.c.obj
                0x000000001000639c                tu_fifo_clear
 .text.tu_fifo_set_overwritable
                0x00000000100063dc       0x48 CMakeFiles/main.dir/Users/cole/code/piPico/pico-sdk/lib/tinyusb/src/common/tusb_fifo.c.obj
                0x00000000100063dc                tu_fifo_set_overwritable
 .text.spi_init
                0x0000000010006424       0xf8 CMakeFiles/main.dir/Users/cole/code/piPico/pico-sdk/src/rp2_common/hardware_spi/spi.c.obj
                0x0000000010006424                spi_init
 .text._ZN5Print17availableForWriteEv
                0x000000001000651c        0x4 CMakeFiles/main.dir/st7735/ST7735_TFT.cpp.obj
                0x000000001000651c                Print::availableForWrite()
 .text._ZN10ST7735_TFTC2Ev
                0x0000000010006520       0x1c CMakeFiles/main.dir/st7735/ST7735_TFT.cpp.obj
                0x0000000010006520                ST7735_TFT::ST7735_TFT()
                0x0000000010006520                ST7735_TFT::ST7735_TFT()
 .text._ZN10ST7735_TFT12TFTSetupGPIOEaaaaa
                0x000000001000653c       0x4c CMakeFiles/main.dir/st7735/ST7735_TFT.cpp.obj
                0x000000001000653c                ST7735_TFT::TFTSetupGPIO(signed char, signed char, signed char, signed char, signed char)
 .text._ZN10ST7735_TFT4BcmdEv
                0x0000000010006588      0x1b8 CMakeFiles/main.dir/st7735/ST7735_TFT.cpp.obj
                0x0000000010006588                ST7735_TFT::Bcmd()
 .text._ZN10ST7735_TFT20TFTST7735BInitializeEv
                0x0000000010006740       0xbc CMakeFiles/main.dir/st7735/ST7735_TFT.cpp.obj
                0x0000000010006740                ST7735_TFT::TFTST7735BInitialize()
 .text._ZN10ST7735_TFT5Rcmd1Ev
                0x00000000100067fc      0x13c CMakeFiles/main.dir/st7735/ST7735_TFT.cpp.obj
                0x00000000100067fc                ST7735_TFT::Rcmd1()
 .text._ZN10ST7735_TFT5Rcmd3Ev
                0x0000000010006938       0x6c CMakeFiles/main.dir/st7735/ST7735_TFT.cpp.obj
                0x0000000010006938                ST7735_TFT::Rcmd3()
 .text._ZN10ST7735_TFT21TFTGreenTabInitializeEv
                0x00000000100069a4      0x110 CMakeFiles/main.dir/st7735/ST7735_TFT.cpp.obj
                0x00000000100069a4                ST7735_TFT::TFTGreenTabInitialize()
 .text._ZN10ST7735_TFT19TFTRedTabInitializeEv
                0x0000000010006ab4       0xf4 CMakeFiles/main.dir/st7735/ST7735_TFT.cpp.obj
                0x0000000010006ab4                ST7735_TFT::TFTRedTabInitialize()
 .text._ZN10ST7735_TFT21TFTBlackTabInitializeEv
                0x0000000010006ba8      0x104 CMakeFiles/main.dir/st7735/ST7735_TFT.cpp.obj
                0x0000000010006ba8                ST7735_TFT::TFTBlackTabInitialize()
 .text._ZN10ST7735_TFT17TFTInitScreenSizeEhhtt
                0x0000000010006cac       0x20 CMakeFiles/main.dir/st7735/ST7735_TFT.cpp.obj
                0x0000000010006cac                ST7735_TFT::TFTInitScreenSize(unsigned char, unsigned char, unsigned short, unsigned short)
 .text._ZN10ST7735_TFT14TFTInitPCBTypeENS_13TFT_PCBtype_eE
                0x0000000010006ccc       0x28 CMakeFiles/main.dir/st7735/ST7735_TFT.cpp.obj
                0x0000000010006ccc                ST7735_TFT::TFTInitPCBType(ST7735_TFT::TFT_PCBtype_e)
 .text._ZN10ST7735_TFT14TFTInitSPITypeEmP8spi_inst
                0x0000000010006cf4        0xc CMakeFiles/main.dir/st7735/ST7735_TFT.cpp.obj
                0x0000000010006cf4                ST7735_TFT::TFTInitSPIType(unsigned long, spi_inst*)
 .text._ZN19ST7735_TFT_graphicsC2Ev
                0x0000000010006d00       0x28 CMakeFiles/main.dir/st7735/ST7735_TFT_graphics.cpp.obj
                0x0000000010006d00                ST7735_TFT_graphics::ST7735_TFT_graphics()
                0x0000000010006d00                ST7735_TFT_graphics::ST7735_TFT_graphics()
 .text._ZN19ST7735_TFT_graphics16TFTsetAddrWindowEhhhh
                0x0000000010006d28      0x948 CMakeFiles/main.dir/st7735/ST7735_TFT_graphics.cpp.obj
                0x0000000010006d28                ST7735_TFT_graphics::TFTsetAddrWindow(unsigned char, unsigned char, unsigned char, unsigned char)
 .text._ZN19ST7735_TFT_graphics12TFTdrawPixelEhht.part.0
                0x0000000010007670      0x2ec CMakeFiles/main.dir/st7735/ST7735_TFT_graphics.cpp.obj
 .text._ZN19ST7735_TFT_graphics18TFTdrawCharNumFontEhhhtt.part.0
                0x000000001000795c      0x324 CMakeFiles/main.dir/st7735/ST7735_TFT_graphics.cpp.obj
 .text._ZN19ST7735_TFT_graphics16TFTdrawFastVLineEhhht
                0x0000000010007c80      0x2a0 CMakeFiles/main.dir/st7735/ST7735_TFT_graphics.cpp.obj
                0x0000000010007c80                ST7735_TFT_graphics::TFTdrawFastVLine(unsigned char, unsigned char, unsigned char, unsigned short)
 .text._ZN19ST7735_TFT_graphics11TFTdrawCharEhhhtth.part.0
                0x0000000010007f20      0x518 CMakeFiles/main.dir/st7735/ST7735_TFT_graphics.cpp.obj
 .text._ZN19ST7735_TFT_graphics13TFTfillCircleEssst
                0x0000000010008438      0x10c CMakeFiles/main.dir/st7735/ST7735_TFT_graphics.cpp.obj
                0x0000000010008438                ST7735_TFT_graphics::TFTfillCircle(short, short, short, unsigned short)
 .text._ZN19ST7735_TFT_graphics5writeEh
                0x0000000010008544      0x134 CMakeFiles/main.dir/st7735/ST7735_TFT_graphics.cpp.obj
                0x0000000010008544                ST7735_TFT_graphics::write(unsigned char)
 .text._ZN19ST7735_TFT_graphics19TFTdrawBitmap16DataEhhPhhh
                0x0000000010008678      0x274 CMakeFiles/main.dir/st7735/ST7735_TFT_graphics.cpp.obj
                0x0000000010008678                ST7735_TFT_graphics::TFTdrawBitmap16Data(unsigned char, unsigned char, unsigned char*, unsigned char, unsigned char)
 .text._ZN19ST7735_TFT_graphics12writeCommandEh
                0x00000000100088ec      0x154 CMakeFiles/main.dir/st7735/ST7735_TFT_graphics.cpp.obj
                0x00000000100088ec                ST7735_TFT_graphics::writeCommand(unsigned char)
 .text._ZN19ST7735_TFT_graphics9writeDataEh
                0x0000000010008a40      0x154 CMakeFiles/main.dir/st7735/ST7735_TFT_graphics.cpp.obj
                0x0000000010008a40                ST7735_TFT_graphics::writeData(unsigned char)
 .text._ZN19ST7735_TFT_graphics18spiWriteDataBufferEPhm
                0x0000000010008b94       0xcc CMakeFiles/main.dir/st7735/ST7735_TFT_graphics.cpp.obj
                0x0000000010008b94                ST7735_TFT_graphics::spiWriteDataBuffer(unsigned char*, unsigned long)
 .text._ZN5Print5writeEPKhj
                0x0000000010008c60       0x28 CMakeFiles/main.dir/st7735/ST7735_TFT_Print.cpp.obj
                0x0000000010008c60                Print::write(unsigned char const*, unsigned int)
 .text._Z5Setupv
                0x0000000010008c88       0x58 CMakeFiles/main.dir/display.cpp.obj
                0x0000000010008c88                Setup()
 .text._Z21frameBufferDrawBitmapPhS_iiii
                0x0000000010008ce0       0x88 CMakeFiles/main.dir/display.cpp.obj
                0x0000000010008ce0                frameBufferDrawBitmap(unsigned char*, unsigned char*, int, int, int, int)
 .text._Z19frameBufferDrawTextPhPciit
                0x0000000010008d68      0x138 CMakeFiles/main.dir/display.cpp.obj
                0x0000000010008d68                frameBufferDrawText(unsigned char*, char*, int, int, unsigned short)
 .text._Z12updateScreenPh
                0x0000000010008ea0       0x20 CMakeFiles/main.dir/display.cpp.obj
                0x0000000010008ea0                updateScreen(unsigned char*)
 .text._Z11clearScreenPh
                0x0000000010008ec0       0x10 CMakeFiles/main.dir/display.cpp.obj
                0x0000000010008ec0                clearScreen(unsigned char*)
 .text.startup._GLOBAL__sub_I_myTFT
                0x0000000010008ed0       0x10 CMakeFiles/main.dir/display.cpp.obj
 .text._ZN6EntityC2EPhiiiiff
                0x0000000010008ee0       0x18 CMakeFiles/main.dir/entity.cpp.obj
                0x0000000010008ee0                Entity::Entity(unsigned char*, int, int, int, int, float, float)
                0x0000000010008ee0                Entity::Entity(unsigned char*, int, int, int, int, float, float)
 .text._ZN6Entity10updatePosnEv
                0x0000000010008ef8       0x74 CMakeFiles/main.dir/entity.cpp.obj
                0x0000000010008ef8                Entity::updatePosn()
 .text._ZN6Entity11setVelocityEff
                0x0000000010008f6c        0x8 CMakeFiles/main.dir/entity.cpp.obj
                0x0000000010008f6c                Entity::setVelocity(float, float)
 .text._ZN6Entity4drawEPh
                0x0000000010008f74       0x20 CMakeFiles/main.dir/entity.cpp.obj
                0x0000000010008f74                Entity::draw(unsigned char*)
 .text.startup._GLOBAL__sub_I__ZN9__gnu_cxx9__freeresEv
                0x0000000010008f94       0x2c /Applications/ARM/bin/../lib/gcc/arm-none-eabi/10.3.1/../../../../arm-none-eabi/lib/thumb/v6-m/nofp/libstdc++.a(eh_alloc.o)
 .text.__retarget_lock_acquire_recursive
                0x0000000010008fc0        0x4 /Applications/ARM/bin/../lib/gcc/arm-none-eabi/10.3.1/../../../../arm-none-eabi/lib/thumb/v6-m/nofp/libc.a(lib_a-lock.o)
                0x0000000010008fc0                __retarget_lock_acquire_recursive
 .text.__retarget_lock_release_recursive
                0x0000000010008fc4        0x4 /Applications/ARM/bin/../lib/gcc/arm-none-eabi/10.3.1/../../../../arm-none-eabi/lib/thumb/v6-m/nofp/libc.a(lib_a-lock.o)
                0x0000000010008fc4                __retarget_lock_release_recursive
 .text.malloc   0x0000000010008fc8       0x14 /Applications/ARM/bin/../lib/gcc/arm-none-eabi/10.3.1/../../../../arm-none-eabi/lib/thumb/v6-m/nofp/libc.a(lib_a-malloc.o)
                0x0000000010008fc8                malloc
 .text.free     0x0000000010008fdc       0x14 /Applications/ARM/bin/../lib/gcc/arm-none-eabi/10.3.1/../../../../arm-none-eabi/lib/thumb/v6-m/nofp/libc.a(lib_a-malloc.o)
                0x0000000010008fdc                free
 .text._malloc_r
                0x0000000010008ff0      0x584 /Applications/ARM/bin/../lib/gcc/arm-none-eabi/10.3.1/../../../../arm-none-eabi/lib/thumb/v6-m/nofp/libc.a(lib_a-mallocr.o)
                0x0000000010008ff0                _malloc_r
 .text.__malloc_lock
                0x0000000010009574       0x10 /Applications/ARM/bin/../lib/gcc/arm-none-eabi/10.3.1/../../../../arm-none-eabi/lib/thumb/v6-m/nofp/libc.a(lib_a-mlock.o)
                0x0000000010009574                __malloc_lock
 .text.__malloc_unlock
                0x0000000010009584       0x10 /Applications/ARM/bin/../lib/gcc/arm-none-eabi/10.3.1/../../../../arm-none-eabi/lib/thumb/v6-m/nofp/libc.a(lib_a-mlock.o)
                0x0000000010009584                __malloc_unlock
 .text._sbrk_r  0x0000000010009594       0x24 /Applications/ARM/bin/../lib/gcc/arm-none-eabi/10.3.1/../../../../arm-none-eabi/lib/thumb/v6-m/nofp/libc.a(lib_a-sbrkr.o)
                0x0000000010009594                _sbrk_r
 .text.strlen   0x00000000100095b8       0x5c /Applications/ARM/bin/../lib/gcc/arm-none-eabi/10.3.1/../../../../arm-none-eabi/lib/thumb/v6-m/nofp/libc.a(lib_a-strlen-stub.o)
                0x00000000100095b8                strlen
 .text._malloc_trim_r
                0x0000000010009614       0x9c /Applications/ARM/bin/../lib/gcc/arm-none-eabi/10.3.1/../../../../arm-none-eabi/lib/thumb/v6-m/nofp/libc.a(lib_a-freer.o)
                0x0000000010009614                _malloc_trim_r
 .text._free_r  0x00000000100096b0      0x1c4 /Applications/ARM/bin/../lib/gcc/arm-none-eabi/10.3.1/../../../../arm-none-eabi/lib/thumb/v6-m/nofp/libc.a(lib_a-freer.o)
                0x00000000100096b0                _free_r
 *(.fini)
 .fini          0x0000000010009874        0x4 /Applications/ARM/bin/../lib/gcc/arm-none-eabi/10.3.1/thumb/v6-m/nofp/crti.o
                0x0000000010009874                _fini
 .fini.__stub   0x0000000010009878       0xe0 linker stubs
 *crtbegin.o(.ctors)
 *crtbegin?.o(.ctors)
 *(EXCLUDE_FILE(*crtend.o *crtend?.o) .ctors)
 *(SORT_BY_NAME(.ctors.*))
 *(.ctors)
 *crtbegin.o(.dtors)
 *crtbegin?.o(.dtors)
 *(EXCLUDE_FILE(*crtend.o *crtend?.o) .dtors)
 *(SORT_BY_NAME(.dtors.*))
 *(.dtors)
 *(.eh_frame*)
 .eh_frame      0x0000000010009958        0x0 /Applications/ARM/bin/../lib/gcc/arm-none-eabi/10.3.1/thumb/v6-m/nofp/crtbegin.o
                0x0000000010009958                . = ALIGN (0x4)

.glue_7         0x0000000010009958        0x0
 .glue_7        0x0000000010009958        0x0 linker stubs

.glue_7t        0x0000000010009958        0x0
 .glue_7t       0x0000000010009958        0x0 linker stubs

.vfp11_veneer   0x0000000010009958        0x0
 .vfp11_veneer  0x0000000010009958        0x0 linker stubs

.v4_bx          0x0000000010009958        0x0
 .v4_bx         0x0000000010009958        0x0 linker stubs

.iplt           0x0000000010009958        0x0
 .iplt          0x0000000010009958        0x0 /Applications/ARM/bin/../lib/gcc/arm-none-eabi/10.3.1/thumb/v6-m/nofp/crtbegin.o

.rodata         0x0000000010009958     0x1e6c
 *(EXCLUDE_FILE(*libm.a: *libc.a:*lib_a-mem*.o *libgcc.a:) .rodata*)
 .rodata._Z4gamePh.str1.4
                0x0000000010009958        0x8 CMakeFiles/main.dir/main.cpp.obj
 .rodata        0x0000000010009960      0x1c2 CMakeFiles/main.dir/main.cpp.obj
 *fill*         0x0000000010009b22        0x2 
 .rodata.spin_lock_claim_unused.str1.4
                0x0000000010009b24       0x1b CMakeFiles/main.dir/Users/cole/code/piPico/pico-sdk/src/rp2_common/hardware_sync/sync.c.obj
 *fill*         0x0000000010009b3f        0x1 
 .rodata.user_irq_claim_unused.str1.4
                0x0000000010009b40       0x1b CMakeFiles/main.dir/Users/cole/code/piPico/pico-sdk/src/rp2_common/hardware_irq/irq.c.obj
 *fill*         0x0000000010009b5b        0x1 
 .rodata.hardware_alarm_claim.str1.4
                0x0000000010009b5c       0x22 CMakeFiles/main.dir/Users/cole/code/piPico/pico-sdk/src/rp2_common/hardware_timer/timer.c.obj
 *fill*         0x0000000010009b7e        0x2 
 .rodata.panic.str1.4
                0x0000000010009b80       0x12 CMakeFiles/main.dir/Users/cole/code/piPico/pico-sdk/src/rp2_common/pico_runtime/runtime.c.obj
 *fill*         0x0000000010009b92        0x2 
 .rodata.hard_assertion_failure.str1.4
                0x0000000010009b94        0xc CMakeFiles/main.dir/Users/cole/code/piPico/pico-sdk/src/rp2_common/pico_runtime/runtime.c.obj
 .rodata._ftoa.str1.4
                0x0000000010009ba0       0x15 CMakeFiles/main.dir/Users/cole/code/piPico/pico-sdk/src/rp2_common/pico_printf/printf.c.obj
 *fill*         0x0000000010009bb5        0x3 
 .rodata._vsnprintf
                0x0000000010009bb8      0x1e0 CMakeFiles/main.dir/Users/cole/code/piPico/pico-sdk/src/rp2_common/pico_printf/printf.c.obj
 .rodata.pow10.0
                0x0000000010009d98       0x50 CMakeFiles/main.dir/Users/cole/code/piPico/pico-sdk/src/rp2_common/pico_printf/printf.c.obj
 .rodata.missing_double_func_shim.str1.4
                0x0000000010009de8       0x18 CMakeFiles/main.dir/Users/cole/code/piPico/pico-sdk/src/rp2_common/pico_double/double_init_rom.c.obj
 .rodata.missing_float_func_shim.str1.4
                0x0000000010009e00       0x18 CMakeFiles/main.dir/Users/cole/code/piPico/pico-sdk/src/rp2_common/pico_float/float_init_rom.c.obj
                                          0x1 (size before relaxing)
 .rodata.__wrap_malloc.str1.4
                0x0000000010009e00        0xe CMakeFiles/main.dir/Users/cole/code/piPico/pico-sdk/src/rp2_common/pico_malloc/pico_malloc.c.obj
 *fill*         0x0000000010009e0e        0x2 
 .rodata.str1.4
                0x0000000010009e10       0x3c CMakeFiles/main.dir/Users/cole/code/piPico/pico-sdk/src/rp2_common/pico_standard_link/binary_info.c.obj
 .rodata.__bi_44
                0x0000000010009e4c        0xc CMakeFiles/main.dir/Users/cole/code/piPico/pico-sdk/src/rp2_common/pico_standard_link/binary_info.c.obj
 .rodata.__bi_75
                0x0000000010009e58        0xc CMakeFiles/main.dir/Users/cole/code/piPico/pico-sdk/src/rp2_common/pico_standard_link/binary_info.c.obj
 .rodata.__bi_81
                0x0000000010009e64        0xc CMakeFiles/main.dir/Users/cole/code/piPico/pico-sdk/src/rp2_common/pico_standard_link/binary_info.c.obj
 .rodata.crlf_str.0
                0x0000000010009e70        0x2 CMakeFiles/main.dir/Users/cole/code/piPico/pico-sdk/src/rp2_common/pico_stdio/stdio.c.obj
 *fill*         0x0000000010009e72        0x2 
 .rodata._resetd_driver
                0x0000000010009e74       0x18 CMakeFiles/main.dir/Users/cole/code/piPico/pico-sdk/src/rp2_common/pico_stdio_usb/reset_interface.c.obj
 .rodata.str1.4
                0x0000000010009e8c       0x13 CMakeFiles/main.dir/Users/cole/code/piPico/pico-sdk/src/rp2_common/pico_stdio_usb/stdio_usb.c.obj
 *fill*         0x0000000010009e9f        0x1 
 .rodata.__bi_188.0
                0x0000000010009ea0        0xc CMakeFiles/main.dir/Users/cole/code/piPico/pico-sdk/src/rp2_common/pico_stdio_usb/stdio_usb.c.obj
 .rodata.str1.4
                0x0000000010009eac       0x2a CMakeFiles/main.dir/Users/cole/code/piPico/pico-sdk/src/rp2_common/pico_stdio_usb/stdio_usb_descriptors.c.obj
 *fill*         0x0000000010009ed6        0x2 
 .rodata.usbd_desc_cfg
                0x0000000010009ed8       0x54 CMakeFiles/main.dir/Users/cole/code/piPico/pico-sdk/src/rp2_common/pico_stdio_usb/stdio_usb_descriptors.c.obj
 .rodata.usbd_desc_device
                0x0000000010009f2c       0x12 CMakeFiles/main.dir/Users/cole/code/piPico/pico-sdk/src/rp2_common/pico_stdio_usb/stdio_usb_descriptors.c.obj
 *fill*         0x0000000010009f3e        0x2 
 .rodata.usbd_desc_str
                0x0000000010009f40       0x18 CMakeFiles/main.dir/Users/cole/code/piPico/pico-sdk/src/rp2_common/pico_stdio_usb/stdio_usb_descriptors.c.obj
 .rodata.str1.4
                0x0000000010009f58       0x14 CMakeFiles/main.dir/Users/cole/code/piPico/pico-sdk/lib/tinyusb/src/portable/raspberrypi/rp2040/dcd_rp2040.c.obj
 .rodata.str1.4
                0x0000000010009f6c       0x53 CMakeFiles/main.dir/Users/cole/code/piPico/pico-sdk/lib/tinyusb/src/portable/raspberrypi/rp2040/rp2040_usb.c.obj
 *fill*         0x0000000010009fbf        0x1 
 .rodata.tud_task_ext
                0x0000000010009fc0       0x8c CMakeFiles/main.dir/Users/cole/code/piPico/pico-sdk/lib/tinyusb/src/device/usbd.c.obj
 .rodata._usbd_driver
                0x000000001000a04c       0x18 CMakeFiles/main.dir/Users/cole/code/piPico/pico-sdk/lib/tinyusb/src/device/usbd.c.obj
 .rodata._ZN10ST7735_TFT4BcmdEv.str1.4
                0x000000001000a064       0x25 CMakeFiles/main.dir/st7735/ST7735_TFT.cpp.obj
 *fill*         0x000000001000a089        0x3 
 .rodata._ZN10ST7735_TFT5Rcmd1Ev.str1.4
                0x000000001000a08c       0x10 CMakeFiles/main.dir/st7735/ST7735_TFT.cpp.obj
 .rodata._ZTV10ST7735_TFT
                0x000000001000a09c       0x14 CMakeFiles/main.dir/st7735/ST7735_TFT.cpp.obj
                0x000000001000a09c                vtable for ST7735_TFT
 .rodata        0x000000001000a0b0       0x20 CMakeFiles/main.dir/st7735/ST7735_TFT.cpp.obj
 .rodata._ZN19ST7735_TFT_graphics11TFTdrawCharEhhhtth.part.0
                0x000000001000a0d0       0x1c CMakeFiles/main.dir/st7735/ST7735_TFT_graphics.cpp.obj
 .rodata._ZTV19ST7735_TFT_graphics
                0x000000001000a0ec       0x14 CMakeFiles/main.dir/st7735/ST7735_TFT_graphics.cpp.obj
                0x000000001000a0ec                vtable for ST7735_TFT_graphics
 .rodata._ZL10Font_Eight
                0x000000001000a100      0x160 CMakeFiles/main.dir/st7735/ST7735_TFT_Font.cpp.obj
 .rodata._ZL10Font_Seven
                0x000000001000a260      0x2c0 CMakeFiles/main.dir/st7735/ST7735_TFT_Font.cpp.obj
 .rodata._ZL10Font_Three
                0x000000001000a520      0x16c CMakeFiles/main.dir/st7735/ST7735_TFT_Font.cpp.obj
 .rodata._ZL8Font_One
                0x000000001000a68c      0x4fb CMakeFiles/main.dir/st7735/ST7735_TFT_Font.cpp.obj
 *fill*         0x000000001000ab87        0x1 
 .rodata._ZL8Font_Six
                0x000000001000ab88      0x299 CMakeFiles/main.dir/st7735/ST7735_TFT_Font.cpp.obj
 *fill*         0x000000001000ae21        0x3 
 .rodata._ZL8Font_Two
                0x000000001000ae24      0x19d CMakeFiles/main.dir/st7735/ST7735_TFT_Font.cpp.obj
 *fill*         0x000000001000afc1        0x3 
 .rodata._ZL9Font_Five
                0x000000001000afc4      0x120 CMakeFiles/main.dir/st7735/ST7735_TFT_Font.cpp.obj
 .rodata._ZL9Font_Four
                0x000000001000b0e4      0x1d8 CMakeFiles/main.dir/st7735/ST7735_TFT_Font.cpp.obj
 .rodata._Z5Setupv.str1.4
                0x000000001000b2bc        0xb CMakeFiles/main.dir/display.cpp.obj
 *fill*         0x000000001000b2c7        0x1 
 .rodata._ZZ19frameBufferDrawCharPhciitE4font
                0x000000001000b2c8      0x4fb CMakeFiles/main.dir/display.cpp.obj
                0x000000001000b7c4                . = ALIGN (0x4)
 *fill*         0x000000001000b7c3        0x1 
 *(SORT_BY_ALIGNMENT(SORT_BY_NAME(.flashdata*)))
                0x000000001000b7c4                . = ALIGN (0x4)

.ARM.extab
 *(.ARM.extab* .gnu.linkonce.armextab.*)
                0x000000001000b7c4                __exidx_start = .

.ARM.exidx      0x000000001000b7c4        0x8
 *(.ARM.exidx* .gnu.linkonce.armexidx.*)
 .ARM.exidx.text.startup._GLOBAL__sub_I__ZN9__gnu_cxx9__freeresEv
                0x000000001000b7c4        0x8 /Applications/ARM/bin/../lib/gcc/arm-none-eabi/10.3.1/../../../../arm-none-eabi/lib/thumb/v6-m/nofp/libstdc++.a(eh_alloc.o)
                0x000000001000b7cc                __exidx_end = .

.rel.dyn        0x000000001000b7cc        0x0
 .rel.iplt      0x000000001000b7cc        0x0 /Applications/ARM/bin/../lib/gcc/arm-none-eabi/10.3.1/thumb/v6-m/nofp/crtbegin.o
                0x000000001000b7cc                . = ALIGN (0x4)
                0x000000001000b7cc                __binary_info_start = .

.binary_info    0x000000001000b7cc       0x20
 *(.binary_info.keep.*)
 .binary_info.keep.__bi_ptr22
                0x000000001000b7cc        0x4 CMakeFiles/main.dir/Users/cole/code/piPico/pico-sdk/src/rp2_common/pico_standard_link/binary_info.c.obj
 .binary_info.keep.__bi_ptr30
                0x000000001000b7d0        0x4 CMakeFiles/main.dir/Users/cole/code/piPico/pico-sdk/src/rp2_common/pico_standard_link/binary_info.c.obj
 .binary_info.keep.__bi_ptr38
                0x000000001000b7d4        0x4 CMakeFiles/main.dir/Users/cole/code/piPico/pico-sdk/src/rp2_common/pico_standard_link/binary_info.c.obj
 .binary_info.keep.__bi_ptr44
                0x000000001000b7d8        0x4 CMakeFiles/main.dir/Users/cole/code/piPico/pico-sdk/src/rp2_common/pico_standard_link/binary_info.c.obj
 .binary_info.keep.__bi_ptr50
                0x000000001000b7dc        0x4 CMakeFiles/main.dir/Users/cole/code/piPico/pico-sdk/src/rp2_common/pico_standard_link/binary_info.c.obj
 .binary_info.keep.__bi_ptr75
                0x000000001000b7e0        0x4 CMakeFiles/main.dir/Users/cole/code/piPico/pico-sdk/src/rp2_common/pico_standard_link/binary_info.c.obj
 .binary_info.keep.__bi_ptr81
                0x000000001000b7e4        0x4 CMakeFiles/main.dir/Users/cole/code/piPico/pico-sdk/src/rp2_common/pico_standard_link/binary_info.c.obj
 *(.binary_info.*)
 .binary_info.__bi_ptr188
                0x000000001000b7e8        0x4 CMakeFiles/main.dir/Users/cole/code/piPico/pico-sdk/src/rp2_common/pico_stdio_usb/stdio_usb.c.obj
                0x000000001000b7ec                __binary_info_end = .
                0x000000001000b7ec                . = ALIGN (0x4)
                0x000000001000b7ec                __etext = .

.ram_vector_table
                0x0000000020000000       0xc0
 *(.ram_vector_table)
 .ram_vector_table
                0x0000000020000000       0xc0 CMakeFiles/main.dir/Users/cole/code/piPico/pico-sdk/src/rp2_common/pico_runtime/runtime.c.obj
                0x0000000020000000                ram_vector_table

.data           0x00000000200000c0     0x1708 load address 0x000000001000b7ec
                0x00000000200000c0                __data_start__ = .
 *(vtable)
 *(.time_critical*)
 .time_critical.mutex_try_enter
                0x00000000200000c0       0x44 CMakeFiles/main.dir/Users/cole/code/piPico/pico-sdk/src/common/pico_sync/mutex.c.obj
                0x00000000200000c0                mutex_try_enter
 .time_critical.mutex_try_enter_block_until
                0x0000000020000104       0x9c CMakeFiles/main.dir/Users/cole/code/piPico/pico-sdk/src/common/pico_sync/mutex.c.obj
                0x0000000020000104                mutex_try_enter_block_until
 .time_critical.mutex_enter_timeout_ms
                0x00000000200001a0       0x90 CMakeFiles/main.dir/Users/cole/code/piPico/pico-sdk/src/common/pico_sync/mutex.c.obj
                0x00000000200001a0                mutex_enter_timeout_ms
 .time_critical.mutex_exit
                0x0000000020000230       0x28 CMakeFiles/main.dir/Users/cole/code/piPico/pico-sdk/src/common/pico_sync/mutex.c.obj
                0x0000000020000230                mutex_exit
 .time_critical.flash_init_boot2_copyout
                0x0000000020000258       0x30 CMakeFiles/main.dir/Users/cole/code/piPico/pico-sdk/src/rp2_common/hardware_flash/flash.c.obj
 .time_critical.flash_enable_xip_via_boot2
                0x0000000020000288       0x10 CMakeFiles/main.dir/Users/cole/code/piPico/pico-sdk/src/rp2_common/hardware_flash/flash.c.obj
 .time_critical.flash_cs_force
                0x0000000020000298       0x38 CMakeFiles/main.dir/Users/cole/code/piPico/pico-sdk/src/rp2_common/hardware_flash/flash.c.obj
 .time_critical.flash_do_cmd
                0x00000000200002d0       0xc4 CMakeFiles/main.dir/Users/cole/code/piPico/pico-sdk/src/rp2_common/hardware_flash/flash.c.obj
                0x00000000200002d0                flash_do_cmd
 .time_critical.reset_non_control_endpoints
                0x0000000020000394       0xbc CMakeFiles/main.dir/Users/cole/code/piPico/pico-sdk/lib/tinyusb/src/portable/raspberrypi/rp2040/dcd_rp2040.c.obj
 .time_critical.hw_handle_buff_status
                0x0000000020000450       0xa8 CMakeFiles/main.dir/Users/cole/code/piPico/pico-sdk/lib/tinyusb/src/portable/raspberrypi/rp2040/dcd_rp2040.c.obj
 .time_critical.dcd_rp2040_irq
                0x00000000200004f8      0x4d8 CMakeFiles/main.dir/Users/cole/code/piPico/pico-sdk/lib/tinyusb/src/portable/raspberrypi/rp2040/dcd_rp2040.c.obj
 .time_critical.e15_is_bulkin_ep
                0x00000000200009d0       0x28 CMakeFiles/main.dir/Users/cole/code/piPico/pico-sdk/lib/tinyusb/src/portable/raspberrypi/rp2040/rp2040_usb.c.obj
 .time_critical.e15_is_critical_frame_period
                0x00000000200009f8       0x34 CMakeFiles/main.dir/Users/cole/code/piPico/pico-sdk/lib/tinyusb/src/portable/raspberrypi/rp2040/rp2040_usb.c.obj
 .time_critical.prepare_ep_buffer
                0x0000000020000a2c       0x70 CMakeFiles/main.dir/Users/cole/code/piPico/pico-sdk/lib/tinyusb/src/portable/raspberrypi/rp2040/rp2040_usb.c.obj
 .time_critical.sync_ep_buffer
                0x0000000020000a9c       0x4c CMakeFiles/main.dir/Users/cole/code/piPico/pico-sdk/lib/tinyusb/src/portable/raspberrypi/rp2040/rp2040_usb.c.obj
 .time_critical._hw_endpoint_xfer_sync
                0x0000000020000ae8       0x28 CMakeFiles/main.dir/Users/cole/code/piPico/pico-sdk/lib/tinyusb/src/portable/raspberrypi/rp2040/rp2040_usb.c.obj
 .time_critical.hw_endpoint_reset_transfer
                0x0000000020000b10        0xc CMakeFiles/main.dir/Users/cole/code/piPico/pico-sdk/lib/tinyusb/src/portable/raspberrypi/rp2040/rp2040_usb.c.obj
                0x0000000020000b10                hw_endpoint_reset_transfer
 .time_critical._hw_endpoint_buffer_control_update32
                0x0000000020000b1c       0x58 CMakeFiles/main.dir/Users/cole/code/piPico/pico-sdk/lib/tinyusb/src/portable/raspberrypi/rp2040/rp2040_usb.c.obj
                0x0000000020000b1c                _hw_endpoint_buffer_control_update32
 .time_critical.hw_endpoint_start_next_buffer
                0x0000000020000b74       0x6c CMakeFiles/main.dir/Users/cole/code/piPico/pico-sdk/lib/tinyusb/src/portable/raspberrypi/rp2040/rp2040_usb.c.obj
                0x0000000020000b74                hw_endpoint_start_next_buffer
 .time_critical.hw_endpoint_xfer_continue
                0x0000000020000be0       0x50 CMakeFiles/main.dir/Users/cole/code/piPico/pico-sdk/lib/tinyusb/src/portable/raspberrypi/rp2040/rp2040_usb.c.obj
                0x0000000020000be0                hw_endpoint_xfer_continue
 .time_critical.tinyusb
                0x0000000020000c30      0x170 CMakeFiles/main.dir/Users/cole/code/piPico/pico-sdk/lib/tinyusb/src/device/usbd.c.obj
                0x0000000020000c30                dcd_event_handler
 .time_critical.spi_write_blocking
                0x0000000020000da0       0x4c CMakeFiles/main.dir/Users/cole/code/piPico/pico-sdk/src/rp2_common/hardware_spi/spi.c.obj
                0x0000000020000da0                spi_write_blocking
 *(.text*)
 .text          0x0000000020000dec        0x4 /Applications/ARM/bin/../lib/gcc/arm-none-eabi/10.3.1/thumb/v6-m/nofp/libgcc.a(_dvmd_tls.o)
                0x0000000020000dec                __aeabi_ldiv0
                0x0000000020000dec                __aeabi_idiv0
 .text.__stub   0x0000000020000df0       0x70 linker stubs
                0x0000000020000e60                . = ALIGN (0x4)
 *(.rodata*)
                0x0000000020000e60                . = ALIGN (0x4)
 *(.data*)
 .data.striped_spin_lock_num
                0x0000000020000e60        0x1 CMakeFiles/main.dir/Users/cole/code/piPico/pico-sdk/src/rp2_common/hardware_sync/sync.c.obj
 *fill*         0x0000000020000e61        0x3 
 .data          0x0000000020000e64       0x48 CMakeFiles/main.dir/Users/cole/code/piPico/pico-sdk/src/rp2_common/hardware_irq/irq_handler_chain.S.obj
                0x0000000020000e64                irq_handler_chain_slots
                0x0000000020000e94                irq_handler_chain_first_slot
                0x0000000020000e9e                irq_handler_chain_remove_tail
 .data.default_alarm_pool
                0x0000000020000eac       0x18 CMakeFiles/main.dir/Users/cole/code/piPico/pico-sdk/src/common/pico_time/time.c.obj
 .data.default_alarm_pool_heap
                0x0000000020000ec4       0x10 CMakeFiles/main.dir/Users/cole/code/piPico/pico-sdk/src/common/pico_time/time.c.obj
 *fill*         0x0000000020000ed4        0xc 
 .data.aeabi_bits_funcs
                0x0000000020000ee0       0x10 CMakeFiles/main.dir/Users/cole/code/piPico/pico-sdk/src/rp2_common/pico_bit_ops/bit_ops_aeabi.S.obj
                0x0000000020000ee0                aeabi_bits_funcs
                0x0000000020000ef0                aeabi_bits_funcs_end
 .data.aeabi_mem_funcs
                0x0000000020000ef0       0x10 CMakeFiles/main.dir/Users/cole/code/piPico/pico-sdk/src/rp2_common/pico_mem_ops/mem_ops_aeabi.S.obj
                0x0000000020000ef0                aeabi_mem_funcs
                0x0000000020000f00                aeabi_mem_funcs_end
 .data.stdio_usb
                0x0000000020000f00       0x18 CMakeFiles/main.dir/Users/cole/code/piPico/pico-sdk/src/rp2_common/pico_stdio_usb/stdio_usb.c.obj
                0x0000000020000f00                stdio_usb
 .data.ep_dir_string
                0x0000000020000f18        0x8 CMakeFiles/main.dir/Users/cole/code/piPico/pico-sdk/lib/tinyusb/src/portable/raspberrypi/rp2040/rp2040_usb.c.obj
                0x0000000020000f18                ep_dir_string
 .data._usbd_qdef
                0x0000000020000f20       0x1c CMakeFiles/main.dir/Users/cole/code/piPico/pico-sdk/lib/tinyusb/src/device/usbd.c.obj
                0x0000000020000f20                _usbd_qdef
 .data._usbd_rhport
                0x0000000020000f3c        0x1 CMakeFiles/main.dir/Users/cole/code/piPico/pico-sdk/lib/tinyusb/src/device/usbd.c.obj
 *fill*         0x0000000020000f3d        0x3 
 .data.pFontBigNumptr
                0x0000000020000f40        0x4 CMakeFiles/main.dir/st7735/ST7735_TFT_Font.cpp.obj
                0x0000000020000f40                pFontBigNumptr
 .data.pFontDefaultptr
                0x0000000020000f44        0x4 CMakeFiles/main.dir/st7735/ST7735_TFT_Font.cpp.obj
                0x0000000020000f44                pFontDefaultptr
 .data.pFontHomeSpunptr
                0x0000000020000f48        0x4 CMakeFiles/main.dir/st7735/ST7735_TFT_Font.cpp.obj
                0x0000000020000f48                pFontHomeSpunptr
 .data.pFontMedNumptr
                0x0000000020000f4c        0x4 CMakeFiles/main.dir/st7735/ST7735_TFT_Font.cpp.obj
                0x0000000020000f4c                pFontMedNumptr
 .data.pFontSevenSegptr
                0x0000000020000f50        0x4 CMakeFiles/main.dir/st7735/ST7735_TFT_Font.cpp.obj
                0x0000000020000f50                pFontSevenSegptr
 .data.pFontThickptr
                0x0000000020000f54        0x4 CMakeFiles/main.dir/st7735/ST7735_TFT_Font.cpp.obj
                0x0000000020000f54                pFontThickptr
 .data.pFontTinyptr
                0x0000000020000f58        0x4 CMakeFiles/main.dir/st7735/ST7735_TFT_Font.cpp.obj
                0x0000000020000f58                pFontTinyptr
 .data.pFontWideptr
                0x0000000020000f5c        0x4 CMakeFiles/main.dir/st7735/ST7735_TFT_Font.cpp.obj
                0x0000000020000f5c                pFontWideptr
 .data._impure_ptr
                0x0000000020000f60        0x4 /Applications/ARM/bin/../lib/gcc/arm-none-eabi/10.3.1/../../../../arm-none-eabi/lib/thumb/v6-m/nofp/libc.a(lib_a-impure.o)
                0x0000000020000f60                _impure_ptr
 *fill*         0x0000000020000f64        0x4 
 .data.impure_data
                0x0000000020000f68      0x428 /Applications/ARM/bin/../lib/gcc/arm-none-eabi/10.3.1/../../../../arm-none-eabi/lib/thumb/v6-m/nofp/libc.a(lib_a-impure.o)
 .data.__malloc_av_
                0x0000000020001390      0x408 /Applications/ARM/bin/../lib/gcc/arm-none-eabi/10.3.1/../../../../arm-none-eabi/lib/thumb/v6-m/nofp/libc.a(lib_a-mallocr.o)
                0x0000000020001390                __malloc_av_
 .data.__malloc_sbrk_base
                0x0000000020001798        0x4 /Applications/ARM/bin/../lib/gcc/arm-none-eabi/10.3.1/../../../../arm-none-eabi/lib/thumb/v6-m/nofp/libc.a(lib_a-mallocr.o)
                0x0000000020001798                __malloc_sbrk_base
 .data.__malloc_trim_threshold
                0x000000002000179c        0x4 /Applications/ARM/bin/../lib/gcc/arm-none-eabi/10.3.1/../../../../arm-none-eabi/lib/thumb/v6-m/nofp/libc.a(lib_a-mallocr.o)
                0x000000002000179c                __malloc_trim_threshold
                0x00000000200017a0                . = ALIGN (0x4)
 *(.after_data.*)
                0x00000000200017a0                . = ALIGN (0x4)
                0x00000000200017a0                PROVIDE (__mutex_array_start = .)
 *(SORT_BY_NAME(.mutex_array.*))
 *(.mutex_array)
 .mutex_array   0x00000000200017a0        0x8 CMakeFiles/main.dir/Users/cole/code/piPico/pico-sdk/src/rp2_common/pico_stdio/stdio.c.obj
                0x00000000200017a8                PROVIDE (__mutex_array_end = .)
                0x00000000200017a8                . = ALIGN (0x4)
                0x00000000200017a8                PROVIDE (__preinit_array_start = .)
 *(SORT_BY_NAME(.preinit_array.*))
 .preinit_array.00001
                0x00000000200017a8        0x4 CMakeFiles/main.dir/Users/cole/code/piPico/pico-sdk/src/rp2_common/pico_mem_ops/mem_ops_aeabi.S.obj
 .preinit_array.00010
                0x00000000200017ac        0x4 CMakeFiles/main.dir/Users/cole/code/piPico/pico-sdk/src/rp2_common/pico_bit_ops/bit_ops_aeabi.S.obj
 .preinit_array.00020
                0x00000000200017b0        0x4 CMakeFiles/main.dir/Users/cole/code/piPico/pico-sdk/src/rp2_common/pico_double/double_aeabi.S.obj
 .preinit_array.00020
                0x00000000200017b4        0x4 CMakeFiles/main.dir/Users/cole/code/piPico/pico-sdk/src/rp2_common/pico_float/float_aeabi.S.obj
 *(.preinit_array)
                0x00000000200017b8                PROVIDE (__preinit_array_end = .)
                0x00000000200017b8                . = ALIGN (0x4)
                0x00000000200017b8                PROVIDE (__init_array_start = .)
 *(SORT_BY_NAME(.init_array.*))
 *(.init_array)
 .init_array    0x00000000200017b8        0x4 /Applications/ARM/bin/../lib/gcc/arm-none-eabi/10.3.1/thumb/v6-m/nofp/crtbegin.o
 .init_array    0x00000000200017bc        0x4 CMakeFiles/main.dir/Users/cole/code/piPico/pico-sdk/src/rp2_common/pico_unique_id/unique_id.c.obj
 .init_array    0x00000000200017c0        0x4 CMakeFiles/main.dir/display.cpp.obj
 .init_array    0x00000000200017c4        0x4 /Applications/ARM/bin/../lib/gcc/arm-none-eabi/10.3.1/../../../../arm-none-eabi/lib/thumb/v6-m/nofp/libstdc++.a(eh_alloc.o)
                0x00000000200017c8                PROVIDE (__init_array_end = .)
                0x00000000200017c8                . = ALIGN (0x4)
                [!provide]                        PROVIDE (__fini_array_start = .)
 *(SORT_BY_NAME(.fini_array.*))
 *(.fini_array)
                [!provide]                        PROVIDE (__fini_array_end = .)
 *(.jcr)
                0x00000000200017c8                . = ALIGN (0x4)
                0x00000000200017c8                __data_end__ = .

.igot.plt       0x00000000200017c8        0x0 load address 0x000000001000cef4
 .igot.plt      0x00000000200017c8        0x0 /Applications/ARM/bin/../lib/gcc/arm-none-eabi/10.3.1/thumb/v6-m/nofp/crtbegin.o

.uninitialized_data
                0x00000000200017c8        0x0 load address 0x000000001000cef4
                0x00000000200017c8                . = ALIGN (0x4)
 *(.uninitialized_data*)

.scratch_x      0x0000000020040000        0x0 load address 0x000000001000cef4
                0x0000000020040000                __scratch_x_start__ = .
 *(.scratch_x.*)
                0x0000000020040000                . = ALIGN (0x4)
                0x0000000020040000                __scratch_x_end__ = .
                0x000000001000cef4                __scratch_x_source__ = LOADADDR (.scratch_x)

.scratch_y      0x0000000020041000        0x0 load address 0x000000001000cef4
                0x0000000020041000                __scratch_y_start__ = .
 *(.scratch_y.*)
                0x0000000020041000                . = ALIGN (0x4)
                0x0000000020041000                __scratch_y_end__ = .
                0x000000001000cef4                __scratch_y_source__ = LOADADDR (.scratch_y)

.bss            0x00000000200017c8      0xe78
                0x00000000200017c8                . = ALIGN (0x4)
                0x00000000200017c8                __bss_start__ = .
 *(SORT_BY_ALIGNMENT(SORT_BY_NAME(.bss*)))
 .bss.default_alarm_pool_entries
                0x00000000200017c8      0x100 CMakeFiles/main.dir/Users/cole/code/piPico/pico-sdk/src/common/pico_time/time.c.obj
 .bss.last_avail_time.1
                0x00000000200018c8        0x8 CMakeFiles/main.dir/Users/cole/code/piPico/pico-sdk/src/rp2_common/pico_stdio_usb/stdio_usb.c.obj
 .bss.sd_table  0x00000000200018d0      0x100 CMakeFiles/main.dir/Users/cole/code/piPico/pico-sdk/src/rp2_common/pico_double/double_init_rom.c.obj
                0x00000000200018d0                sd_table
 .bss           0x00000000200019d0       0x1c /Applications/ARM/bin/../lib/gcc/arm-none-eabi/10.3.1/thumb/v6-m/nofp/crtbegin.o
 .bss._ZN12_GLOBAL__N_114emergency_poolE
                0x00000000200019ec       0x10 /Applications/ARM/bin/../lib/gcc/arm-none-eabi/10.3.1/../../../../arm-none-eabi/lib/thumb/v6-m/nofp/libstdc++.a(eh_alloc.o)
 .bss._ZZ10fpsCountervE2t0
                0x00000000200019fc        0x4 CMakeFiles/main.dir/main.cpp.obj
 .bss._ZZ10fpsCountervE8printStr
                0x0000000020001a00       0x64 CMakeFiles/main.dir/main.cpp.obj
 .bss.__lock___malloc_recursive_mutex
                0x0000000020001a64        0x1 /Applications/ARM/bin/../lib/gcc/arm-none-eabi/10.3.1/../../../../arm-none-eabi/lib/thumb/v6-m/nofp/libc.a(lib_a-lock.o)
                0x0000000020001a64                __lock___malloc_recursive_mutex
 *fill*         0x0000000020001a65        0x3 
 .bss.__malloc_current_mallinfo
                0x0000000020001a68       0x28 /Applications/ARM/bin/../lib/gcc/arm-none-eabi/10.3.1/../../../../arm-none-eabi/lib/thumb/v6-m/nofp/libc.a(lib_a-mallocr.o)
                0x0000000020001a68                __malloc_current_mallinfo
 .bss.__malloc_max_sbrked_mem
                0x0000000020001a90        0x4 /Applications/ARM/bin/../lib/gcc/arm-none-eabi/10.3.1/../../../../arm-none-eabi/lib/thumb/v6-m/nofp/libc.a(lib_a-mallocr.o)
                0x0000000020001a90                __malloc_max_sbrked_mem
 .bss.__malloc_max_total_mem
                0x0000000020001a94        0x4 /Applications/ARM/bin/../lib/gcc/arm-none-eabi/10.3.1/../../../../arm-none-eabi/lib/thumb/v6-m/nofp/libc.a(lib_a-mallocr.o)
                0x0000000020001a94                __malloc_max_total_mem
 .bss.__malloc_top_pad
                0x0000000020001a98        0x4 /Applications/ARM/bin/../lib/gcc/arm-none-eabi/10.3.1/../../../../arm-none-eabi/lib/thumb/v6-m/nofp/libc.a(lib_a-mallocr.o)
                0x0000000020001a98                __malloc_top_pad
 .bss._app_driver
                0x0000000020001a9c        0x4 CMakeFiles/main.dir/Users/cole/code/piPico/pico-sdk/lib/tinyusb/src/device/usbd.c.obj
 .bss._cdcd_itf
                0x0000000020001aa0      0x2c8 CMakeFiles/main.dir/Users/cole/code/piPico/pico-sdk/lib/tinyusb/src/class/cdc/cdc_device.c.obj
 .bss._ctrl_xfer
                0x0000000020001d68       0x14 CMakeFiles/main.dir/Users/cole/code/piPico/pico-sdk/lib/tinyusb/src/device/usbd_control.c.obj
 .bss._ubsd_mutexdef
                0x0000000020001d7c        0x8 CMakeFiles/main.dir/Users/cole/code/piPico/pico-sdk/lib/tinyusb/src/device/usbd.c.obj
 .bss._usbd_ctrl_buf
                0x0000000020001d84       0x40 CMakeFiles/main.dir/Users/cole/code/piPico/pico-sdk/lib/tinyusb/src/device/usbd_control.c.obj
 .bss._usbd_dev
                0x0000000020001dc4       0x53 CMakeFiles/main.dir/Users/cole/code/piPico/pico-sdk/lib/tinyusb/src/device/usbd.c.obj
 *fill*         0x0000000020001e17        0x1 
 .bss._usbd_mutex
                0x0000000020001e18        0x4 CMakeFiles/main.dir/Users/cole/code/piPico/pico-sdk/lib/tinyusb/src/device/usbd.c.obj
 .bss._usbd_q   0x0000000020001e1c        0x4 CMakeFiles/main.dir/Users/cole/code/piPico/pico-sdk/lib/tinyusb/src/device/usbd.c.obj
 .bss._usbd_qdef_buf
                0x0000000020001e20       0xc0 CMakeFiles/main.dir/Users/cole/code/piPico/pico-sdk/lib/tinyusb/src/device/usbd.c.obj
                0x0000000020001e20                _usbd_qdef_buf
 .bss.alarm_callbacks
                0x0000000020001ee0       0x10 CMakeFiles/main.dir/Users/cole/code/piPico/pico-sdk/src/rp2_common/hardware_timer/timer.c.obj
 .bss.boot2_copyout
                0x0000000020001ef0      0x100 CMakeFiles/main.dir/Users/cole/code/piPico/pico-sdk/src/rp2_common/hardware_flash/flash.c.obj
 .bss.chars_available_callback
                0x0000000020001ff0        0x4 CMakeFiles/main.dir/Users/cole/code/piPico/pico-sdk/src/rp2_common/pico_stdio_usb/stdio_usb.c.obj
 .bss.chars_available_param
                0x0000000020001ff4        0x4 CMakeFiles/main.dir/Users/cole/code/piPico/pico-sdk/src/rp2_common/pico_stdio_usb/stdio_usb.c.obj
 .bss.claimed   0x0000000020001ff8        0x4 CMakeFiles/main.dir/Users/cole/code/piPico/pico-sdk/src/rp2_common/hardware_sync/sync.c.obj
 .bss.configured_freq
                0x0000000020001ffc       0x28 CMakeFiles/main.dir/Users/cole/code/piPico/pico-sdk/src/rp2_common/hardware_clocks/clocks.c.obj
 .bss.default_alarm_pool_entry_ids_high
                0x0000000020002024       0x10 CMakeFiles/main.dir/Users/cole/code/piPico/pico-sdk/src/common/pico_time/time.c.obj
 .bss.default_alarm_pool_heap_nodes
                0x0000000020002034       0x30 CMakeFiles/main.dir/Users/cole/code/piPico/pico-sdk/src/common/pico_time/time.c.obj
 .bss.desc_str.0
                0x0000000020002064       0x28 CMakeFiles/main.dir/Users/cole/code/piPico/pico-sdk/src/rp2_common/pico_stdio_usb/stdio_usb_descriptors.c.obj
 .bss.drivers   0x000000002000208c        0x4 CMakeFiles/main.dir/Users/cole/code/piPico/pico-sdk/src/rp2_common/pico_stdio/stdio.c.obj
 .bss.e15_last_sof
                0x0000000020002090        0x4 CMakeFiles/main.dir/Users/cole/code/piPico/pico-sdk/lib/tinyusb/src/portable/raspberrypi/rp2040/rp2040_usb.c.obj
                0x0000000020002090                e15_last_sof
 .bss.errno     0x0000000020002094        0x4 /Applications/ARM/bin/../lib/gcc/arm-none-eabi/10.3.1/../../../../arm-none-eabi/lib/thumb/v6-m/nofp/libc.a(lib_a-reent.o)
                0x0000000020002094                errno
 .bss.filter    0x0000000020002098        0x4 CMakeFiles/main.dir/Users/cole/code/piPico/pico-sdk/src/rp2_common/pico_stdio/stdio.c.obj
 .bss.heap_end.0
                0x000000002000209c        0x4 CMakeFiles/main.dir/Users/cole/code/piPico/pico-sdk/src/rp2_common/pico_runtime/runtime.c.obj
 .bss.hw_endpoints
                0x00000000200020a0      0x400 CMakeFiles/main.dir/Users/cole/code/piPico/pico-sdk/lib/tinyusb/src/portable/raspberrypi/rp2040/dcd_rp2040.c.obj
 .bss.lazy_vsnprintf
                0x00000000200024a0        0x4 CMakeFiles/main.dir/Users/cole/code/piPico/pico-sdk/src/rp2_common/pico_printf/printf.c.obj
 .bss.load_value